Archive member included to satisfy reference by file (symbol)

D:/STM32CubeIDE/STM32CubeIDE_2.0.0/STM32CubeIDE/plugins/com.st.stm32cube.ide.mcu.externaltools.gnu-tools-for-stm32.13.3.rel1.win32_1.0.100.202509120712/tools/bin/../lib/gcc/arm-none-eabi/13.3.1/../../../../arm-none-eabi/lib/thumb/v7-m/nofp\libc_nano.a(libc_a-exit.o)
                              D:/STM32CubeIDE/STM32CubeIDE_2.0.0/STM32CubeIDE/plugins/com.st.stm32cube.ide.mcu.externaltools.gnu-tools-for-stm32.13.3.rel1.win32_1.0.100.202509120712/tools/bin/../lib/gcc/arm-none-eabi/13.3.1/../../../../arm-none-eabi/lib/thumb/v7-m/nofp/crt0.o (exit)
D:/STM32CubeIDE/STM32CubeIDE_2.0.0/STM32CubeIDE/plugins/com.st.stm32cube.ide.mcu.externaltools.gnu-tools-for-stm32.13.3.rel1.win32_1.0.100.202509120712/tools/bin/../lib/gcc/arm-none-eabi/13.3.1/../../../../arm-none-eabi/lib/thumb/v7-m/nofp\libc_nano.a(libc_a-findfp.o)
                              D:/STM32CubeIDE/STM32CubeIDE_2.0.0/STM32CubeIDE/plugins/com.st.stm32cube.ide.mcu.externaltools.gnu-tools-for-stm32.13.3.rel1.win32_1.0.100.202509120712/tools/bin/../lib/gcc/arm-none-eabi/13.3.1/../../../../arm-none-eabi/lib/thumb/v7-m/nofp\libc_nano.a(libc_a-exit.o) (__stdio_exit_handler)
D:/STM32CubeIDE/STM32CubeIDE_2.0.0/STM32CubeIDE/plugins/com.st.stm32cube.ide.mcu.externaltools.gnu-tools-for-stm32.13.3.rel1.win32_1.0.100.202509120712/tools/bin/../lib/gcc/arm-none-eabi/13.3.1/../../../../arm-none-eabi/lib/thumb/v7-m/nofp\libc_nano.a(libc_a-fwalk.o)
                              D:/STM32CubeIDE/STM32CubeIDE_2.0.0/STM32CubeIDE/plugins/com.st.stm32cube.ide.mcu.externaltools.gnu-tools-for-stm32.13.3.rel1.win32_1.0.100.202509120712/tools/bin/../lib/gcc/arm-none-eabi/13.3.1/../../../../arm-none-eabi/lib/thumb/v7-m/nofp\libc_nano.a(libc_a-findfp.o) (_fwalk_sglue)
D:/STM32CubeIDE/STM32CubeIDE_2.0.0/STM32CubeIDE/plugins/com.st.stm32cube.ide.mcu.externaltools.gnu-tools-for-stm32.13.3.rel1.win32_1.0.100.202509120712/tools/bin/../lib/gcc/arm-none-eabi/13.3.1/../../../../arm-none-eabi/lib/thumb/v7-m/nofp\libc_nano.a(libc_a-printf.o)
                              ./Core/Src/freertos.o (printf)
D:/STM32CubeIDE/STM32CubeIDE_2.0.0/STM32CubeIDE/plugins/com.st.stm32cube.ide.mcu.externaltools.gnu-tools-for-stm32.13.3.rel1.win32_1.0.100.202509120712/tools/bin/../lib/gcc/arm-none-eabi/13.3.1/../../../../arm-none-eabi/lib/thumb/v7-m/nofp\libc_nano.a(libc_a-puts.o)
                              ./Core/Src/freertos.o (puts)
D:/STM32CubeIDE/STM32CubeIDE_2.0.0/STM32CubeIDE/plugins/com.st.stm32cube.ide.mcu.externaltools.gnu-tools-for-stm32.13.3.rel1.win32_1.0.100.202509120712/tools/bin/../lib/gcc/arm-none-eabi/13.3.1/../../../../arm-none-eabi/lib/thumb/v7-m/nofp\libc_nano.a(libc_a-stdio.o)
                              D:/STM32CubeIDE/STM32CubeIDE_2.0.0/STM32CubeIDE/plugins/com.st.stm32cube.ide.mcu.externaltools.gnu-tools-for-stm32.13.3.rel1.win32_1.0.100.202509120712/tools/bin/../lib/gcc/arm-none-eabi/13.3.1/../../../../arm-none-eabi/lib/thumb/v7-m/nofp\libc_nano.a(libc_a-findfp.o) (__sread)
D:/STM32CubeIDE/STM32CubeIDE_2.0.0/STM32CubeIDE/plugins/com.st.stm32cube.ide.mcu.externaltools.gnu-tools-for-stm32.13.3.rel1.win32_1.0.100.202509120712/tools/bin/../lib/gcc/arm-none-eabi/13.3.1/../../../../arm-none-eabi/lib/thumb/v7-m/nofp\libc_nano.a(libc_a-vsprintf.o)
                              ./Hardware/OLED.o (vsprintf)
D:/STM32CubeIDE/STM32CubeIDE_2.0.0/STM32CubeIDE/plugins/com.st.stm32cube.ide.mcu.externaltools.gnu-tools-for-stm32.13.3.rel1.win32_1.0.100.202509120712/tools/bin/../lib/gcc/arm-none-eabi/13.3.1/../../../../arm-none-eabi/lib/thumb/v7-m/nofp\libc_nano.a(libc_a-wbuf.o)
                              D:/STM32CubeIDE/STM32CubeIDE_2.0.0/STM32CubeIDE/plugins/com.st.stm32cube.ide.mcu.externaltools.gnu-tools-for-stm32.13.3.rel1.win32_1.0.100.202509120712/tools/bin/../lib/gcc/arm-none-eabi/13.3.1/../../../../arm-none-eabi/lib/thumb/v7-m/nofp\libc_nano.a(libc_a-puts.o) (__swbuf_r)
D:/STM32CubeIDE/STM32CubeIDE_2.0.0/STM32CubeIDE/plugins/com.st.stm32cube.ide.mcu.externaltools.gnu-tools-for-stm32.13.3.rel1.win32_1.0.100.202509120712/tools/bin/../lib/gcc/arm-none-eabi/13.3.1/../../../../arm-none-eabi/lib/thumb/v7-m/nofp\libc_nano.a(libc_a-wsetup.o)
                              D:/STM32CubeIDE/STM32CubeIDE_2.0.0/STM32CubeIDE/plugins/com.st.stm32cube.ide.mcu.externaltools.gnu-tools-for-stm32.13.3.rel1.win32_1.0.100.202509120712/tools/bin/../lib/gcc/arm-none-eabi/13.3.1/../../../../arm-none-eabi/lib/thumb/v7-m/nofp\libc_nano.a(libc_a-puts.o) (__swsetup_r)
D:/STM32CubeIDE/STM32CubeIDE_2.0.0/STM32CubeIDE/plugins/com.st.stm32cube.ide.mcu.externaltools.gnu-tools-for-stm32.13.3.rel1.win32_1.0.100.202509120712/tools/bin/../lib/gcc/arm-none-eabi/13.3.1/../../../../arm-none-eabi/lib/thumb/v7-m/nofp\libc_nano.a(libc_a-memset.o)
[...]
Memory Configuration

Name             Origin             Length             Attributes
RAM              0x20000000         0x00005000         xrw
FLASH            0x08000000         0x00010000         xr
*default*        0x00000000         0xffffffff

Linker script and memory map

LOAD D:/STM32CubeIDE/STM32CubeIDE_2.0.0/STM32CubeIDE/plugins/com.st.stm32cube.ide.mcu.externaltools.gnu-tools-for-stm32.13.3.rel1.win32_1.0.100.202509120712/tools/bin/../lib/gcc/arm-none-eabi/13.3.1/thumb/v7-m/nofp/crti.o
LOAD D:/STM32CubeIDE/STM32CubeIDE_2.0.0/STM32CubeIDE/plugins/com.st.stm32cube.ide.mcu.externaltools.gnu-tools-for-stm32.13.3.rel1.win32_1.0.100.202509120712/tools/bin/../lib/gcc/arm-none-eabi/13.3.1/thumb/v7-m/nofp/crtbegin.o
LOAD D:/STM32CubeIDE/STM32CubeIDE_2.0.0/STM32CubeIDE/plugins/com.st.stm32cube.ide.mcu.externaltools.gnu-tools-for-stm32.13.3.rel1.win32_1.0.100.202509120712/tools/bin/../lib/gcc/arm-none-eabi/13.3.1/../../../../arm-none-eabi/lib/thumb/v7-m/nofp/crt0.o
LOAD ./Core/Src/dma.o
LOAD ./Core/Src/freertos.o
LOAD ./Core/Src/gpio.o
LOAD ./Core/Src/main.o
LOAD ./Core/Src/spi.o
LOAD ./Core/Src/stm32f1xx_hal_msp.o
LOAD ./Core/Src/stm32f1xx_it.o
LOAD ./Core/Src/syscalls.o
LOAD ./Core/Src/sysmem.o
LOAD ./Core/Src/system_stm32f1xx.o
LOAD ./Core/Src/tim.o
LOAD ./Core/Src/usart.o
LOAD ./Core/Startup/startup_stm32f103c8tx.o
LOAD ./Drivers/STM32F1xx_HAL_Driver/Src/stm32f1xx_hal.o
LOAD ./Drivers/STM32F1xx_HAL_Driver/Src/stm32f1xx_hal_cortex.o
LOAD ./Drivers/STM32F1xx_HAL_Driver/Src/stm32f1xx_hal_dma.o
LOAD ./Drivers/STM32F1xx_HAL_Driver/Src/stm32f1xx_hal_exti.o
LOAD ./Drivers/STM32F1xx_HAL_Driver/Src/stm32f1xx_hal_flash.o
LOAD ./Drivers/STM32F1xx_HAL_Driver/Src/stm32f1xx_hal_flash_ex.o
LOAD ./Drivers/STM32F1xx_HAL_Driver/Src/stm32f1xx_hal_gpio.o
LOAD ./Drivers/STM32F1xx_HAL_Driver/Src/stm32f1xx_hal_gpio_ex.o
LOAD ./Drivers/STM32F1xx_HAL_Driver/Src/stm32f1xx_hal_pwr.o
LOAD ./Drivers/STM32F1xx_HAL_Driver/Src/stm32f1xx_hal_rcc.o
LOAD ./Drivers/STM32F1xx_HAL_Driver/Src/stm32f1xx_hal_rcc_ex.o
LOAD ./Drivers/STM32F1xx_HAL_Driver/Src/stm32f1xx_hal_spi.o
LOAD ./Drivers/STM32F1xx_HAL_Driver/Src/stm32f1xx_hal_tim.o
LOAD ./Drivers/STM32F1xx_HAL_Driver/Src/stm32f1xx_hal_tim_ex.o
LOAD ./Drivers/STM32F1xx_HAL_Driver/Src/stm32f1xx_hal_uart.o
LOAD ./Hardware/BOO.o
LOAD ./Hardware/Input.o
LOAD ./Hardware/LED.o
LOAD ./Hardware/NRF24L01.o
LOAD ./Hardware/OLED.o
LOAD ./Hardware/OLED_Data.o
LOAD ./Hardware/PWM.o
LOAD ./Hardware/Serial.o
LOAD ./Hardware/Servo.o
LOAD ./Hardware/WS2812B.o
LOAD ./Middlewares/Third_Party/FreeRTOS/Source/CMSIS_RTOS/cmsis_os.o
LOAD ./Middlewares/Third_Party/FreeRTOS/Source/croutine.o
LOAD ./Middlewares/Third_Party/FreeRTOS/Source/event_groups.o
LOAD ./Middlewares/Third_Party/FreeRTOS/Source/list.o
LOAD ./Middlewares/Third_Party/FreeRTOS/Source/queue.o
LOAD ./Middlewares/Third_Party/FreeRTOS/Source/stream_buffer.o
LOAD ./Middlewares/Third_Party/FreeRTOS/Source/tasks.o
LOAD ./Middlewares/Third_Party/FreeRTOS/Source/timers.o
LOAD ./Middlewares/Third_Party/FreeRTOS/Source/portable/GCC/ARM_CM3/port.o
LOAD ./Middlewares/Third_Party/FreeRTOS/Source/portable/MemMang/heap_4.o
START GROUP
LOAD D:/STM32CubeIDE/STM32CubeIDE_2.0.0/STM32CubeIDE/plugins/com.st.stm32cube.ide.mcu.externaltools.gnu-tools-for-stm32.13.3.rel1.win32_1.0.100.202509120712/tools/bin/../lib/gcc/arm-none-eabi/13.3.1/../../../../arm-none-eabi/lib/thumb/v7-m/nofp\libc_nano.a
LOAD D:/STM32CubeIDE/STM32CubeIDE_2.0.0/STM32CubeIDE/plugins/com.st.stm32cube.ide.mcu.externaltools.gnu-tools-for-stm32.13.3.rel1.win32_1.0.100.202509120712/tools/bin/../lib/gcc/arm-none-eabi/13.3.1/../../../../arm-none-eabi/lib/thumb/v7-m/nofp\libm.a
END GROUP
START GROUP
LOAD D:/STM32CubeIDE/STM32CubeIDE_2.0.0/STM32CubeIDE/plugins/com.st.stm32cube.ide.mcu.externaltools.gnu-tools-for-stm32.13.3.rel1.win32_1.0.100.202509120712/tools/bin/../lib/gcc/arm-none-eabi/13.3.1/thumb/v7-m/nofp\libgcc.a
LOAD D:/STM32CubeIDE/STM32CubeIDE_2.0.0/STM32CubeIDE/plugins/com.st.stm32cube.ide.mcu.externaltools.gnu-tools-for-stm32.13.3.rel1.win32_1.0.100.202509120712/tools/bin/../lib/gcc/arm-none-eabi/13.3.1/../../../../arm-none-eabi/lib/thumb/v7-m/nofp\libc_nano.a
END GROUP
START GROUP
LOAD D:/STM32CubeIDE/STM32CubeIDE_2.0.0/STM32CubeIDE/plugins/com.st.stm32cube.ide.mcu.externaltools.gnu-tools-for-stm32.13.3.rel1.win32_1.0.100.202509120712/tools/bin/../lib/gcc/arm-none-eabi/13.3.1/thumb/v7-m/nofp\libgcc.a
LOAD D:/STM32CubeIDE/STM32CubeIDE_2.0.0/STM32CubeIDE/plugins/com.st.stm32cube.ide.mcu.externaltools.gnu-tools-for-stm32.13.3.rel1.win32_1.0.100.202509120712/tools/bin/../lib/gcc/arm-none-eabi/13.3.1/../../../../arm-none-eabi/lib/thumb/v7-m/nofp\libc_nano.a
LOAD D:/STM32CubeIDE/STM32CubeIDE_2.0.0/STM32CubeIDE/plugins/com.st.stm32cube.ide.mcu.externaltools.gnu-tools-for-stm32.13.3.rel1.win32_1.0.100.202509120712/tools/bin/../lib/gcc/arm-none-eabi/13.3.1/../../../../arm-none-eabi/lib/thumb/v7-m/nofp\libnosys.a
END GROUP
START GROUP
LOAD D:/STM32CubeIDE/STM32CubeIDE_2.0.0/STM32CubeIDE/plugins/com.st.stm32cube.ide.mcu.externaltools.gnu-tools-for-stm32.13.3.rel1.win32_1.0.100.202509120712/tools/bin/../lib/gcc/arm-none-eabi/13.3.1/thumb/v7-m/nofp\libgcc.a
LOAD D:/STM32CubeIDE/STM32CubeIDE_2.0.0/STM32CubeIDE/plugins/com.st.stm32cube.ide.mcu.externaltools.gnu-tools-for-stm32.13.3.rel1.win32_1.0.100.202509120712/tools/bin/../lib/gcc/arm-none-eabi/13.3.1/../../../../arm-none-eabi/lib/thumb/v7-m/nofp\libc_nano.a
LOAD D:/STM32CubeIDE/STM32CubeIDE_2.0.0/STM32CubeIDE/plugins/com.st.stm32cube.ide.mcu.externaltools.gnu-tools-for-stm32.13.3.rel1.win32_1.0.100.202509120712/tools/bin/../lib/gcc/arm-none-eabi/13.3.1/../../../../arm-none-eabi/lib/thumb/v7-m/nofp\libnosys.a
END GROUP
LOAD D:/STM32CubeIDE/STM32CubeIDE_2.0.0/STM32CubeIDE/plugins/com.st.stm32cube.ide.mcu.externaltools.gnu-tools-for-stm32.13.3.rel1.win32_1.0.100.202509120712/tools/bin/../lib/gcc/arm-none-eabi/13.3.1/thumb/v7-m/nofp/crtend.o
LOAD D:/STM32CubeIDE/STM32CubeIDE_2.0.0/STM32CubeIDE/plugins/com.st.stm32cube.ide.mcu.externaltools.gnu-tools-for-stm32.13.3.rel1.win32_1.0.100.202509120712/tools/bin/../lib/gcc/arm-none-eabi/13.3.1/thumb/v7-m/nofp/crtn.o
                0x20005000                        _estack = (ORIGIN (RAM) + LENGTH (RAM))
                0x00000200                        _Min_Heap_Size = 0x200
                0x00000400                        _Min_Stack_Size = 0x400

.isr_vector     0x08000000      0x10c
                0x08000000                        . = ALIGN (0x4)
 *(.isr_vector)
 .isr_vector    0x08000000      0x10c ./Core/Startup/startup_stm32f103c8tx.o
                0x08000000                g_pfnVectors
                0x0800010c                        . = ALIGN (0x4)

.text           0x08000110     0xa918
                0x08000110                        . = ALIGN (0x4)
 *(.text)
 .text          0x08000110       0x40 D:/STM32CubeIDE/STM32CubeIDE_2.0.0/STM32CubeIDE/plugins/com.st.stm32cube.ide.mcu.externaltools.gnu-tools-for-stm32.13.3.rel1.win32_1.0.100.202509120712/tools/bin/../lib/gcc/arm-none-eabi/13.3.1/thumb/v7-m/nofp/crtbegin.o
 .text          0x08000150      0x21c D:/STM32CubeIDE/STM32CubeIDE_2.0.0/STM32CubeIDE/plugins/com.st.stm32cube.ide.mcu.externaltools.gnu-tools-for-stm32.13.3.rel1.win32_1.0.100.202509120712/tools/bin/../lib/gcc/arm-none-eabi/13.3.1/thumb/v7-m/nofp\libgcc.a(_arm_addsubsf3.o)
                0x08000150                __aeabi_frsub
                0x08000158                __subsf3
                0x08000158                __aeabi_fsub
                0x0800015c                __aeabi_fadd
                0x0800015c                __addsf3
                0x080002bc                __aeabi_ui2f
                0x080002bc                __floatunsisf
                0x080002c4                __aeabi_i2f
                0x080002c4                __floatsisf
                0x080002e0                __aeabi_ul2f
                0x080002e0                __floatundisf
                0x080002f0                __aeabi_l2f
                0x080002f0                __floatdisf
 .text          0x0800036c      0x2a0 D:/STM32CubeIDE/STM32CubeIDE_2.0.0/STM32CubeIDE/plugins/com.st.stm32cube.ide.mcu.externaltools.gnu-tools-for-stm32.13.3.rel1.win32_1.0.100.202509120712/tools/bin/../lib/gcc/arm-none-eabi/13.3.1/thumb/v7-m/nofp\libgcc.a(_arm_muldivsf3.o)
                0x0800036c                __mulsf3
                0x0800036c                __aeabi_fmul
                0x080004d4                __aeabi_fdiv
                0x080004d4                __divsf3
 .text          0x0800060c       0xec D:/STM32CubeIDE/STM32CubeIDE_2.0.0/STM32CubeIDE/plugins/com.st.stm32cube.ide.mcu.externaltools.gnu-tools-for-stm32.13.3.rel1.win32_1.0.100.202509120712/tools/bin/../lib/gcc/arm-none-eabi/13.3.1/thumb/v7-m/nofp\libgcc.a(_arm_cmpsf2.o)
                0x0800060c                __gesf2
                0x0800060c                __gtsf2
                0x08000614                __lesf2
                0x08000614                __ltsf2
                0x0800061c                __nesf2
                0x0800061c                __eqsf2
                0x0800061c                __cmpsf2
                0x0800067c                __aeabi_cfrcmple
                0x08000684                __aeabi_cfcmpeq
                0x08000684                __aeabi_cfcmple
                0x08000694                __aeabi_fcmpeq
                0x080006a8                __aeabi_fcmplt
                0x080006bc                __aeabi_fcmple
                0x080006d0                __aeabi_fcmpge
                0x080006e4                __aeabi_fcmpgt
 .text          0x080006f8       0x40 D:/STM32CubeIDE/STM32CubeIDE_2.0.0/STM32CubeIDE/plugins/com.st.stm32cube.ide.mcu.externaltools.gnu-tools-for-stm32.13.3.rel1.win32_1.0.100.202509120712/tools/bin/../lib/gcc/arm-none-eabi/13.3.1/thumb/v7-m/nofp\libgcc.a(_arm_fixunssfsi.o)
                0x080006f8                __fixunssfsi
                0x080006f8                __aeabi_f2uiz
 *(.text*)
 .text.MX_DMA_Init
                0x08000738       0x3c ./Core/Src/dma.o
                0x08000738                MX_DMA_Init
 .text.MX_FREERTOS_Init
                0x08000774      0x1a0 ./Core/Src/freertos.o
                0x08000774                MX_FREERTOS_Init
 .text.StartDefaultTask
                0x08000914       0x1c ./Core/Src/freertos.o
                0x08000914                StartDefaultTask
 .text.RunAutoDemo
                0x08000930      0x4f8 ./Core/Src/freertos.o
 .text.StartServoTask
                0x08000e28       0xb4 ./Core/Src/freertos.o
                0x08000e28                StartServoTask
 .text.StartSerialTask
                0x08000edc      0x1b8 ./Core/Src/freertos.o
                0x08000edc                StartSerialTask
 .text.StartGaitTask
                0x08001094      0xa00 ./Core/Src/freertos.o
                0x08001094                StartGaitTask
 .text.StartSensorTask
                0x08001a94       0x90 ./Core/Src/freertos.o
                0x08001a94                StartSensorTask
 .text.OledRefreshCallback
                0x08001b24       0x14 ./Core/Src/freertos.o
                0x08001b24                OledRefreshCallback
 .text.LedBlinkCallback
                0x08001b38       0x68 ./Core/Src/freertos.o
                0x08001b38                LedBlinkCallback
 .text.StartLedTask
                0x08001ba0       0xac ./Core/Src/freertos.o
                0x08001ba0                StartLedTask
 .text.StartNRFTask
                0x08001c4c      0x2b8 ./Core/Src/freertos.o
                0x08001c4c                StartNRFTask
 .text.MX_GPIO_Init
                0x08001f04      0x17c ./Core/Src/gpio.o
                0x08001f04                MX_GPIO_Init
 .text.SetStandPosture
                0x08002080       0x68 ./Core/Src/main.o
                0x08002080                SetStandPosture
 .text.ResetAll
                0x080020e8       0x4c ./Core/Src/main.o
                0x080020e8                ResetAll
 .text.Huadong_Smooth
                0x08002134      0x1a8 ./Core/Src/main.o
                0x08002134                Huadong_Smooth
 .text.main     0x080022dc       0x58 ./Core/Src/main.o
                0x080022dc                main
 .text.SystemClock_Config
                0x08002334       0x8a ./Core/Src/main.o
                0x08002334                SystemClock_Config
 .text.Error_Handler
                0x080023be        0xc ./Core/Src/main.o
                0x080023be                Error_Handler
 *fill*         0x080023ca        0x2 
 .text.MX_SPI2_Init
                0x080023cc       0x6c ./Core/Src/spi.o
                0x080023cc                MX_SPI2_Init
 .text.HAL_SPI_MspInit
                0x08002438       0x98 ./Core/Src/spi.o
                0x08002438                HAL_SPI_MspInit
 .text.HAL_MspInit
                0x080024d0       0x70 ./Core/Src/stm32f1xx_hal_msp.o
                0x080024d0                HAL_MspInit
 .text.NMI_Handler
                0x08002540        0x8 ./Core/Src/stm32f1xx_it.o
                0x08002540                NMI_Handler
 .text.HardFault_Handler
                0x08002548        0x8 ./Core/Src/stm32f1xx_it.o
                0x08002548                HardFault_Handler
 .text.MemManage_Handler
                0x08002550        0x8 ./Core/Src/stm32f1xx_it.o
                0x08002550                MemManage_Handler
 .text.BusFault_Handler
                0x08002558        0x8 ./Core/Src/stm32f1xx_it.o
                0x08002558                BusFault_Handler
 .text.UsageFault_Handler
                0x08002560        0x8 ./Core/Src/stm32f1xx_it.o
                0x08002560                UsageFault_Handler
 .text.DebugMon_Handler
                0x08002568        0xc ./Core/Src/stm32f1xx_it.o
                0x08002568                DebugMon_Handler
 .text.SysTick_Handler
                0x08002574       0x1a ./Core/Src/stm32f1xx_it.o
                0x08002574                SysTick_Handler
 *fill*         0x0800258e        0x2 
 .text.DMA1_Channel4_IRQHandler
                0x08002590       0x18 ./Core/Src/stm32f1xx_it.o
                0x08002590                DMA1_Channel4_IRQHandler
 .text.USART1_IRQHandler
                0x080025a8       0x14 ./Core/Src/stm32f1xx_it.o
                0x080025a8                USART1_IRQHandler
 .text.USART3_IRQHandler
                0x080025bc       0x14 ./Core/Src/stm32f1xx_it.o
                0x080025bc                USART3_IRQHandler
 .text._read    0x080025d0       0x3a ./Core/Src/syscalls.o
                0x080025d0                _read
 .text._write   0x0800260a       0x38 ./Core/Src/syscalls.o
                0x0800260a                _write
 .text._close   0x08002642       0x16 ./Core/Src/syscalls.o
                0x08002642                _close
 .text._fstat   0x08002658       0x1e ./Core/Src/syscalls.o
                0x08002658                _fstat
 .text._isatty  0x08002676       0x14 ./Core/Src/syscalls.o
                0x08002676                _isatty
 .text._lseek   0x0800268a       0x18 ./Core/Src/syscalls.o
                0x0800268a                _lseek
 *fill*         0x080026a2        0x2 
 .text._sbrk    0x080026a4       0x6c ./Core/Src/sysmem.o
                0x080026a4                _sbrk
 .text.SystemInit
                0x08002710        0xc ./Core/Src/system_stm32f1xx.o
                0x08002710                SystemInit
 .text.MX_TIM1_Init
                0x0800271c      0x140 ./Core/Src/tim.o
                0x0800271c                MX_TIM1_Init
 .text.MX_TIM2_Init
                0x0800285c      0x12c ./Core/Src/tim.o
                0x0800285c                MX_TIM2_Init
 .text.MX_TIM3_Init
                0x08002988      0x130 ./Core/Src/tim.o
                0x08002988                MX_TIM3_Init
 .text.MX_TIM4_Init
                0x08002ab8       0xec ./Core/Src/tim.o
                0x08002ab8                MX_TIM4_Init
 .text.HAL_TIM_Base_MspInit
                0x08002ba4      0x108 ./Core/Src/tim.o
                0x08002ba4                HAL_TIM_Base_MspInit
 .text.HAL_TIM_MspPostInit
                0x08002cac      0x158 ./Core/Src/tim.o
                0x08002cac                HAL_TIM_MspPostInit
 .text.MX_USART1_UART_Init
                0x08002e04       0x54 ./Core/Src/usart.o
                0x08002e04                MX_USART1_UART_Init
 .text.MX_USART3_UART_Init
                0x08002e58       0x54 ./Core/Src/usart.o
                0x08002e58                MX_USART3_UART_Init
 .text.HAL_UART_MspInit
                0x08002eac      0x130 ./Core/Src/usart.o
                0x08002eac                HAL_UART_MspInit
 .text.Reset_Handler
                0x08002fdc       0x48 ./Core/Startup/startup_stm32f103c8tx.o
                0x08002fdc                Reset_Handler
 .text.Default_Handler
                0x08003024        0x2 ./Core/Startup/startup_stm32f103c8tx.o
                0x08003024                RTC_Alarm_IRQHandler
                0x08003024                EXTI2_IRQHandler
                0x08003024                TIM1_CC_IRQHandler
                0x08003024                PVD_IRQHandler
                0x08003024                EXTI3_IRQHandler
                0x08003024                EXTI0_IRQHandler
                0x08003024                I2C2_EV_IRQHandler
                0x08003024                ADC1_2_IRQHandler
                0x08003024                SPI1_IRQHandler
                0x08003024                TAMPER_IRQHandler
                0x08003024                RTC_IRQHandler
                0x08003024                DMA1_Channel7_IRQHandler
                0x08003024                CAN1_RX1_IRQHandler
                0x08003024                TIM4_IRQHandler
                0x08003024                I2C1_EV_IRQHandler
                0x08003024                DMA1_Channel6_IRQHandler
                0x08003024                TIM3_IRQHandler
                0x08003024                RCC_IRQHandler
                0x08003024                TIM1_TRG_COM_IRQHandler
                0x08003024                DMA1_Channel1_IRQHandler
                0x08003024                Default_Handler
                0x08003024                EXTI15_10_IRQHandler
                0x08003024                EXTI9_5_IRQHandler
                0x08003024                SPI2_IRQHandler
                0x08003024                DMA1_Channel5_IRQHandler
                0x08003024                EXTI4_IRQHandler
                0x08003024                USB_LP_CAN1_RX0_IRQHandler
                0x08003024                USB_HP_CAN1_TX_IRQHandler
                0x08003024                DMA1_Channel3_IRQHandler
                0x08003024                TIM1_UP_IRQHandler
                0x08003024                WWDG_IRQHandler
                0x08003024                TIM2_IRQHandler
                0x08003024                TIM1_BRK_IRQHandler
                0x08003024                EXTI1_IRQHandler
                0x08003024                USART2_IRQHandler
                0x08003024                I2C2_ER_IRQHandler
                0x08003024                DMA1_Channel2_IRQHandler
                0x08003024                CAN1_SCE_IRQHandler
                0x08003024                FLASH_IRQHandler
                0x08003024                I2C1_ER_IRQHandler
                0x08003024                USBWakeUp_IRQHandler
 *fill*         0x08003026        0x2 
 .text.HAL_Init
                0x08003028       0x2c ./Drivers/STM32F1xx_HAL_Driver/Src/stm32f1xx_hal.o
                0x08003028                HAL_Init
 .text.HAL_InitTick
                0x08003054       0x60 ./Drivers/STM32F1xx_HAL_Driver/Src/stm32f1xx_hal.o
                0x08003054                HAL_InitTick
 .text.HAL_IncTick
                0x080030b4       0x24 ./Drivers/STM32F1xx_HAL_Driver/Src/stm32f1xx_hal.o
                0x080030b4                HAL_IncTick
 .text.HAL_GetTick
                0x080030d8       0x14 ./Drivers/STM32F1xx_HAL_Driver/Src/stm32f1xx_hal.o
                0x080030d8                HAL_GetTick
 .text.__NVIC_SetPriorityGrouping
                0x080030ec       0x48 ./Drivers/STM32F1xx_HAL_Driver/Src/stm32f1xx_hal_cortex.o
 .text.__NVIC_GetPriorityGrouping
                0x08003134       0x1c ./Drivers/STM32F1xx_HAL_Driver/Src/stm32f1xx_hal_cortex.o
 .text.__NVIC_EnableIRQ
                0x08003150       0x38 ./Drivers/STM32F1xx_HAL_Driver/Src/stm32f1xx_hal_cortex.o
 .text.__NVIC_SetPriority
                0x08003188       0x54 ./Drivers/STM32F1xx_HAL_Driver/Src/stm32f1xx_hal_cortex.o
 .text.NVIC_EncodePriority
                0x080031dc       0x64 ./Drivers/STM32F1xx_HAL_Driver/Src/stm32f1xx_hal_cortex.o
 .text.SysTick_Config
                0x08003240       0x44 ./Drivers/STM32F1xx_HAL_Driver/Src/stm32f1xx_hal_cortex.o
 .text.HAL_NVIC_SetPriorityGrouping
                0x08003284       0x16 ./Drivers/STM32F1xx_HAL_Driver/Src/stm32f1xx_hal_cortex.o
                0x08003284                HAL_NVIC_SetPriorityGrouping
 .text.HAL_NVIC_SetPriority
                0x0800329a       0x38 ./Drivers/STM32F1xx_HAL_Driver/Src/stm32f1xx_hal_cortex.o
                0x0800329a                HAL_NVIC_SetPriority
 .text.HAL_NVIC_EnableIRQ
                0x080032d2       0x1c ./Drivers/STM32F1xx_HAL_Driver/Src/stm32f1xx_hal_cortex.o
                0x080032d2                HAL_NVIC_EnableIRQ
 .text.HAL_SYSTICK_Config
                0x080032ee       0x18 ./Drivers/STM32F1xx_HAL_Driver/Src/stm32f1xx_hal_cortex.o
                0x080032ee                HAL_SYSTICK_Config
 *fill*         0x08003306        0x2 
 .text.HAL_DMA_Init
                0x08003308       0xb4 ./Drivers/STM32F1xx_HAL_Driver/Src/stm32f1xx_hal_dma.o
                0x08003308                HAL_DMA_Init
 .text.HAL_DMA_Abort
                0x080033bc       0x76 ./Drivers/STM32F1xx_HAL_Driver/Src/stm32f1xx_hal_dma.o
                0x080033bc                HAL_DMA_Abort
 *fill*         0x08003432        0x2 
 .text.HAL_DMA_Abort_IT
                0x08003434       0xf0 ./Drivers/STM32F1xx_HAL_Driver/Src/stm32f1xx_hal_dma.o
                0x08003434                HAL_DMA_Abort_IT
 .text.HAL_DMA_IRQHandler
                0x08003524      0x20c ./Drivers/STM32F1xx_HAL_Driver/Src/stm32f1xx_hal_dma.o
                0x08003524                HAL_DMA_IRQHandler
 .text.HAL_GPIO_Init
                0x08003730      0x308 ./Drivers/STM32F1xx_HAL_Driver/Src/stm32f1xx_hal_gpio.o
                0x08003730                HAL_GPIO_Init
 .text.HAL_GPIO_ReadPin
                0x08003a38       0x2e ./Drivers/STM32F1xx_HAL_Driver/Src/stm32f1xx_hal_gpio.o
                0x08003a38                HAL_GPIO_ReadPin
 .text.HAL_GPIO_WritePin
                0x08003a66       0x30 ./Drivers/STM32F1xx_HAL_Driver/Src/stm32f1xx_hal_gpio.o
                0x08003a66                HAL_GPIO_WritePin
 *fill*         0x08003a96        0x2 
 .text.HAL_RCC_OscConfig
                0x08003a98      0x504 ./Drivers/STM32F1xx_HAL_Driver/Src/stm32f1xx_hal_rcc.o
                0x08003a98                HAL_RCC_OscConfig
 .text.HAL_RCC_ClockConfig
                0x08003f9c      0x1d4 ./Drivers/STM32F1xx_HAL_Driver/Src/stm32f1xx_hal_rcc.o
                0x08003f9c                HAL_RCC_ClockConfig
 .text.HAL_RCC_GetSysClockFreq
                0x08004170       0xa8 ./Drivers/STM32F1xx_HAL_Driver/Src/stm32f1xx_hal_rcc.o
                0x08004170                HAL_RCC_GetSysClockFreq
 .text.HAL_RCC_GetHCLKFreq
                0x08004218       0x14 ./Drivers/STM32F1xx_HAL_Driver/Src/stm32f1xx_hal_rcc.o
                0x08004218                HAL_RCC_GetHCLKFreq
 .text.HAL_RCC_GetPCLK1Freq
                0x0800422c       0x28 ./Drivers/STM32F1xx_HAL_Driver/Src/stm32f1xx_hal_rcc.o
                0x0800422c                HAL_RCC_GetPCLK1Freq
 .text.HAL_RCC_GetPCLK2Freq
                0x08004254       0x28 ./Drivers/STM32F1xx_HAL_Driver/Src/stm32f1xx_hal_rcc.o
                0x08004254                HAL_RCC_GetPCLK2Freq
 .text.RCC_Delay
                0x0800427c       0x3c ./Drivers/STM32F1xx_HAL_Driver/Src/stm32f1xx_hal_rcc.o
 .text.HAL_SPI_Init
                0x080042b8      0x108 ./Drivers/STM32F1xx_HAL_Driver/Src/stm32f1xx_hal_spi.o
                0x080042b8                HAL_SPI_Init
 .text.HAL_SPI_TransmitReceive
                0x080043c0      0x352 ./Drivers/STM32F1xx_HAL_Driver/Src/stm32f1xx_hal_spi.o
                0x080043c0                HAL_SPI_TransmitReceive
 *fill*         0x08004712        0x2 
 .text.SPI_WaitFlagStateUntilTimeout
                0x08004714      0x110 ./Drivers/STM32F1xx_HAL_Driver/Src/stm32f1xx_hal_spi.o
 .text.SPI_EndRxTxTransaction
                0x08004824       0x62 ./Drivers/STM32F1xx_HAL_Driver/Src/stm32f1xx_hal_spi.o
 .text.HAL_TIM_Base_Init
                0x08004886       0x9e ./Drivers/STM32F1xx_HAL_Driver/Src/stm32f1xx_hal_tim.o
                0x08004886                HAL_TIM_Base_Init
 .text.HAL_TIM_PWM_Init
                0x08004924       0x9e ./Drivers/STM32F1xx_HAL_Driver/Src/stm32f1xx_hal_tim.o
                0x08004924                HAL_TIM_PWM_Init
 .text.HAL_TIM_PWM_MspInit
                0x080049c2       0x12 ./Drivers/STM32F1xx_HAL_Driver/Src/stm32f1xx_hal_tim.o
                0x080049c2                HAL_TIM_PWM_MspInit
 .text.HAL_TIM_PWM_Start
                0x080049d4      0x144 ./Drivers/STM32F1xx_HAL_Driver/Src/stm32f1xx_hal_tim.o
                0x080049d4                HAL_TIM_PWM_Start
 .text.HAL_TIM_PWM_ConfigChannel
                0x08004b18      0x184 ./Drivers/STM32F1xx_HAL_Driver/Src/stm32f1xx_hal_tim.o
                0x08004b18                HAL_TIM_PWM_ConfigChannel
 .text.HAL_TIM_ConfigClockSource
                0x08004c9c      0x18e ./Drivers/STM32F1xx_HAL_Driver/Src/stm32f1xx_hal_tim.o
                0x08004c9c                HAL_TIM_ConfigClockSource
 *fill*         0x08004e2a        0x2 
 .text.TIM_Base_SetConfig
                0x08004e2c       0xdc ./Drivers/STM32F1xx_HAL_Driver/Src/stm32f1xx_hal_tim.o
                0x08004e2c                TIM_Base_SetConfig
 .text.TIM_OC1_SetConfig
                0x08004f08       0xcc ./Drivers/STM32F1xx_HAL_Driver/Src/stm32f1xx_hal_tim.o
 .text.TIM_OC2_SetConfig
                0x08004fd4       0xd4 ./Drivers/STM32F1xx_HAL_Driver/Src/stm32f1xx_hal_tim.o
                0x08004fd4                TIM_OC2_SetConfig
 .text.TIM_OC3_SetConfig
                0x080050a8       0xd4 ./Drivers/STM32F1xx_HAL_Driver/Src/stm32f1xx_hal_tim.o
 .text.TIM_OC4_SetConfig
                0x0800517c       0x9c ./Drivers/STM32F1xx_HAL_Driver/Src/stm32f1xx_hal_tim.o
 .text.TIM_TI1_ConfigInputStage
                0x08005218       0x5c ./Drivers/STM32F1xx_HAL_Driver/Src/stm32f1xx_hal_tim.o
 .text.TIM_TI2_ConfigInputStage
                0x08005274       0x5e ./Drivers/STM32F1xx_HAL_Driver/Src/stm32f1xx_hal_tim.o
 .text.TIM_ITRx_SetConfig
                0x080052d2       0x34 ./Drivers/STM32F1xx_HAL_Driver/Src/stm32f1xx_hal_tim.o
 .text.TIM_ETR_SetConfig
                0x08005306       0x3e ./Drivers/STM32F1xx_HAL_Driver/Src/stm32f1xx_hal_tim.o
                0x08005306                TIM_ETR_SetConfig
 .text.TIM_CCxChannelCmd
                0x08005344       0x48 ./Drivers/STM32F1xx_HAL_Driver/Src/stm32f1xx_hal_tim.o
                0x08005344                TIM_CCxChannelCmd
 .text.HAL_TIMEx_MasterConfigSynchronization
                0x0800538c       0xbc ./Drivers/STM32F1xx_HAL_Driver/Src/stm32f1xx_hal_tim_ex.o
                0x0800538c                HAL_TIMEx_MasterConfigSynchronization
 .text.HAL_TIMEx_ConfigBreakDeadTime
                0x08005448       0xa2 ./Drivers/STM32F1xx_HAL_Driver/Src/stm32f1xx_hal_tim_ex.o
                0x08005448                HAL_TIMEx_ConfigBreakDeadTime
 .text.HAL_UART_Init
                0x080054ea       0xa0 ./Drivers/STM32F1xx_HAL_Driver/Src/stm32f1xx_hal_uart.o
                0x080054ea                HAL_UART_Init
 .text.HAL_UART_Transmit
                0x0800558a      0x116 ./Drivers/STM32F1xx_HAL_Driver/Src/stm32f1xx_hal_uart.o
                0x0800558a                HAL_UART_Transmit
 .text.HAL_UART_Receive_IT
                0x080056a0       0x4a ./Drivers/STM32F1xx_HAL_Driver/Src/stm32f1xx_hal_uart.o
                0x080056a0                HAL_UART_Receive_IT
 *fill*         0x080056ea        0x2 
 .text.HAL_UART_IRQHandler
                0x080056ec      0x524 ./Drivers/STM32F1xx_HAL_Driver/Src/stm32f1xx_hal_uart.o
                0x080056ec                HAL_UART_IRQHandler
 .text.HAL_UART_TxCpltCallback
                0x08005c10       0x12 ./Drivers/STM32F1xx_HAL_Driver/Src/stm32f1xx_hal_uart.o
                0x08005c10                HAL_UART_TxCpltCallback
 .text.HAL_UART_ErrorCallback
                0x08005c22       0x12 ./Drivers/STM32F1xx_HAL_Driver/Src/stm32f1xx_hal_uart.o
                0x08005c22                HAL_UART_ErrorCallback
 .text.HAL_UARTEx_RxEventCallback
                0x08005c34       0x16 ./Drivers/STM32F1xx_HAL_Driver/Src/stm32f1xx_hal_uart.o
                0x08005c34                HAL_UARTEx_RxEventCallback
 .text.UART_WaitOnFlagUntilTimeout
                0x08005c4a       0xb2 ./Drivers/STM32F1xx_HAL_Driver/Src/stm32f1xx_hal_uart.o
 .text.UART_Start_Receive_IT
                0x08005cfc       0x72 ./Drivers/STM32F1xx_HAL_Driver/Src/stm32f1xx_hal_uart.o
                0x08005cfc                UART_Start_Receive_IT
 .text.UART_EndRxTransfer
                0x08005d6e       0xc4 ./Drivers/STM32F1xx_HAL_Driver/Src/stm32f1xx_hal_uart.o
 .text.UART_DMAAbortOnError
                0x08005e32       0x28 ./Drivers/STM32F1xx_HAL_Driver/Src/stm32f1xx_hal_uart.o
 .text.UART_Transmit_IT
                0x08005e5a       0x9e ./Drivers/STM32F1xx_HAL_Driver/Src/stm32f1xx_hal_uart.o
 .text.UART_EndTransmit_IT
                0x08005ef8       0x30 ./Drivers/STM32F1xx_HAL_Driver/Src/stm32f1xx_hal_uart.o
 .text.UART_Receive_IT
                0x08005f28      0x17c ./Drivers/STM32F1xx_HAL_Driver/Src/stm32f1xx_hal_uart.o
 .text.UART_SetConfig
                0x080060a4      0x11c ./Drivers/STM32F1xx_HAL_Driver/Src/stm32f1xx_hal_uart.o
 .text.BOO_Init
                0x080061c0       0x18 ./Hardware/BOO.o
                0x080061c0                BOO_Init
 .text.BOO_ON   0x080061d8       0x18 ./Hardware/BOO.o
                0x080061d8                BOO_ON
 .text.BOO_OFF  0x080061f0       0x18 ./Hardware/BOO.o
                0x080061f0                BOO_OFF
 .text.HW_ON    0x08006208        0xc ./Hardware/BOO.o
                0x08006208                HW_ON
 .text.HW_OFF   0x08006214        0xc ./Hardware/BOO.o
                0x08006214                HW_OFF
 .text.Input_Init
                0x08006220        0xc ./Hardware/Input.o
                0x08006220                Input_Init
 .text.LED_Init
                0x0800622c       0x18 ./Hardware/LED.o
                0x0800622c                LED_Init
 .text.LED_StartBlink
                0x08006244       0x20 ./Hardware/LED.o
                0x08006244                LED_StartBlink
 .text.SPI2_ReadWriteByte
                0x08006264       0x34 ./Hardware/NRF24L01.o
 .text.NRF24L01_Write_Reg
                0x08006298       0x48 ./Hardware/NRF24L01.o
                0x08006298                NRF24L01_Write_Reg
 .text.NRF24L01_Read_Reg
                0x080062e0       0x40 ./Hardware/NRF24L01.o
                0x080062e0                NRF24L01_Read_Reg
 .text.NRF24L01_Read_Buf
                0x08006320       0x64 ./Hardware/NRF24L01.o
                0x08006320                NRF24L01_Read_Buf
 .text.NRF24L01_Write_Buf
                0x08006384       0x60 ./Hardware/NRF24L01.o
                0x08006384                NRF24L01_Write_Buf
 .text.NRF24L01_Init
                0x080063e4       0x24 ./Hardware/NRF24L01.o
                0x080063e4                NRF24L01_Init
 .text.NRF24L01_Check
                0x08006408       0x60 ./Hardware/NRF24L01.o
                0x08006408                NRF24L01_Check
 .text.NRF24L01_RX_Mode
                0x08006468       0x68 ./Hardware/NRF24L01.o
                0x08006468                NRF24L01_RX_Mode
 .text.NRF24L01_RxPacket
                0x080064d0       0x46 ./Hardware/NRF24L01.o
                0x080064d0                NRF24L01_RxPacket
 *fill*         0x08006516        0x2 
 .text.OLED_W_SCL
                0x08006518       0x30 ./Hardware/OLED.o
                0x08006518                OLED_W_SCL
 .text.OLED_W_SDA
                0x08006548       0x30 ./Hardware/OLED.o
                0x08006548                OLED_W_SDA
 .text.OLED_GPIO_Init
                0x08006578       0x42 ./Hardware/OLED.o
                0x08006578                OLED_GPIO_Init
 .text.OLED_I2C_Start
                0x080065ba       0x20 ./Hardware/OLED.o
                0x080065ba                OLED_I2C_Start
 .text.OLED_I2C_Stop
                0x080065da       0x1a ./Hardware/OLED.o
                0x080065da                OLED_I2C_Stop
 .text.OLED_I2C_SendByte
                0x080065f4       0x58 ./Hardware/OLED.o
                0x080065f4                OLED_I2C_SendByte
 .text.OLED_WriteCommand
                0x0800664c       0x2e ./Hardware/OLED.o
                0x0800664c                OLED_WriteCommand
 .text.OLED_WriteData
                0x0800667a       0x4a ./Hardware/OLED.o
                0x0800667a                OLED_WriteData
 .text.OLED_Init
                0x080066c4       0x96 ./Hardware/OLED.o
                0x080066c4                OLED_Init
 .text.OLED_SetCursor
                0x0800675a       0x46 ./Hardware/OLED.o
                0x0800675a                OLED_SetCursor
 .text.OLED_Update
                0x080067a0       0x40 ./Hardware/OLED.o
                0x080067a0                OLED_Update
 .text.OLED_Clear
                0x080067e0       0x4c ./Hardware/OLED.o
                0x080067e0                OLED_Clear
 .text.OLED_ClearArea
                0x0800682c       0xd8 ./Hardware/OLED.o
                0x0800682c                OLED_ClearArea
 .text.OLED_ShowImage
                0x08006904      0x184 ./Hardware/OLED.o
                0x08006904                OLED_ShowImage
 .text.PWM_Init_TIM2
                0x08006a88       0x2c ./Hardware/PWM.o
                0x08006a88                PWM_Init_TIM2
 .text.PWM_SetCompare1
                0x08006ab4       0x20 ./Hardware/PWM.o
                0x08006ab4                PWM_SetCompare1
 .text.PWM_SetCompare2
                0x08006ad4       0x20 ./Hardware/PWM.o
                0x08006ad4                PWM_SetCompare2
 .text.PWM_SetCompare3
                0x08006af4       0x20 ./Hardware/PWM.o
                0x08006af4                PWM_SetCompare3
 .text.PWM_SetCompare4
                0x08006b14       0x20 ./Hardware/PWM.o
                0x08006b14                PWM_SetCompare4
 .text.PWM_Init_TIM3
                0x08006b34       0x2c ./Hardware/PWM.o
                0x08006b34                PWM_Init_TIM3
 .text.PWM_SetCompare1_TIM3
                0x08006b60       0x20 ./Hardware/PWM.o
                0x08006b60                PWM_SetCompare1_TIM3
 .text.PWM_SetCompare2_TIM3
                0x08006b80       0x20 ./Hardware/PWM.o
                0x08006b80                PWM_SetCompare2_TIM3
 .text.PWM_SetCompare3_TIM3
                0x08006ba0       0x20 ./Hardware/PWM.o
                0x08006ba0                PWM_SetCompare3_TIM3
 .text.PWM_SetCompare4_TIM3
                0x08006bc0       0x20 ./Hardware/PWM.o
                0x08006bc0                PWM_SetCompare4_TIM3
 .text.PWM_Init_TIM4
                0x08006be0        0xc ./Hardware/PWM.o
                0x08006be0                PWM_Init_TIM4
 .text.Serial_Init
                0x08006bec       0x1c ./Hardware/Serial.o
                0x08006bec                Serial_Init
 .text.Voice_Init
                0x08006c08       0x1c ./Hardware/Serial.o
                0x08006c08                Voice_Init
 .text.__io_putchar
                0x08006c24       0x24 ./Hardware/Serial.o
                0x08006c24                __io_putchar
 .text.HAL_UART_RxCpltCallback
                0x08006c48       0xa4 ./Hardware/Serial.o
                0x08006c48                HAL_UART_RxCpltCallback
 .text.Servo_Init
                0x08006cec       0x14 ./Hardware/Servo.o
                0x08006cec                Servo_Init
 .text.Servo_SetAngle1
                0x08006d00       0x4c ./Hardware/Servo.o
                0x08006d00                Servo_SetAngle1
 .text.Servo_SetAngle2
                0x08006d4c       0x4c ./Hardware/Servo.o
                0x08006d4c                Servo_SetAngle2
 .text.Servo_SetAngle3
                0x08006d98       0x4c ./Hardware/Servo.o
                0x08006d98                Servo_SetAngle3
 .text.Servo_SetAngle4
                0x08006de4       0x4c ./Hardware/Servo.o
                0x08006de4                Servo_SetAngle4
 .text.Servo_SetAngle5
                0x08006e30       0x4c ./Hardware/Servo.o
                0x08006e30                Servo_SetAngle5
 .text.Servo_SetAngle6
                0x08006e7c       0x4c ./Hardware/Servo.o
                0x08006e7c                Servo_SetAngle6
 .text.Servo_SetAngle7
                0x08006ec8       0x4c ./Hardware/Servo.o
                0x08006ec8                Servo_SetAngle7
 .text.Servo_SetAngle8
                0x08006f14       0x4c ./Hardware/Servo.o
                0x08006f14                Servo_SetAngle8
 .text.__NVIC_EnableIRQ
                0x08006f60       0x38 ./Hardware/WS2812B.o
 .text.__NVIC_SetPriority
                0x08006f98       0x54 ./Hardware/WS2812B.o
 .text.WS2812B_Init
                0x08006fec       0xf8 ./Hardware/WS2812B.o
                0x08006fec                WS2812B_Init
 .text.WS2812B_SetPixel
                0x080070e4       0x88 ./Hardware/WS2812B.o
                0x080070e4                WS2812B_SetPixel
 .text.WS2812B_Update
                0x0800716c       0x5c ./Hardware/WS2812B.o
                0x0800716c                WS2812B_Update
 .text.WS2812B_IRQHandler
                0x080071c8       0x58 ./Hardware/WS2812B.o
                0x080071c8                WS2812B_IRQHandler
 .text.GrayToGRB
                0x08007220       0x7a ./Hardware/WS2812B.o
 .text.WS2812B_GrayToGRB
                0x0800729a       0x1c ./Hardware/WS2812B.o
                0x0800729a                WS2812B_GrayToGRB
 *fill*         0x080072b6        0x2 
 .text.WS2812B_FlashRed
                0x080072b8       0xa8 ./Hardware/WS2812B.o
                0x080072b8                WS2812B_FlashRed
 .text.makeFreeRtosPriority
                0x08007360       0x2e ./Middlewares/Third_Party/FreeRTOS/Source/CMSIS_RTOS/cmsis_os.o
 .text.osKernelStart
                0x0800738e        0xe ./Middlewares/Third_Party/FreeRTOS/Source/CMSIS_RTOS/cmsis_os.o
                0x0800738e                osKernelStart
 .text.osThreadCreate
                0x0800739c       0x4e ./Middlewares/Third_Party/FreeRTOS/Source/CMSIS_RTOS/cmsis_os.o
                0x0800739c                osThreadCreate
 .text.osDelay  0x080073ea       0x28 ./Middlewares/Third_Party/FreeRTOS/Source/CMSIS_RTOS/cmsis_os.o
                0x080073ea                osDelay
 .text.vListInitialise
                0x08007412       0x3e ./Middlewares/Third_Party/FreeRTOS/Source/list.o
                0x08007412                vListInitialise
 .text.vListInitialiseItem
                0x08007450       0x18 ./Middlewares/Third_Party/FreeRTOS/Source/list.o
                0x08007450                vListInitialiseItem
 .text.vListInsertEnd
                0x08007468       0x46 ./Middlewares/Third_Party/FreeRTOS/Source/list.o
                0x08007468                vListInsertEnd
 .text.vListInsert
                0x080074ae       0x70 ./Middlewares/Third_Party/FreeRTOS/Source/list.o
                0x080074ae                vListInsert
 .text.uxListRemove
                0x0800751e       0x52 ./Middlewares/Third_Party/FreeRTOS/Source/list.o
                0x0800751e                uxListRemove
 .text.xQueueGenericReset
                0x08007570       0xb4 ./Middlewares/Third_Party/FreeRTOS/Source/queue.o
                0x08007570                xQueueGenericReset
 .text.xQueueGenericCreate
                0x08007624       0x50 ./Middlewares/Third_Party/FreeRTOS/Source/queue.o
                0x08007624                xQueueGenericCreate
 .text.prvInitialiseNewQueue
                0x08007674       0x3e ./Middlewares/Third_Party/FreeRTOS/Source/queue.o
 .text.prvInitialiseMutex
                0x080076b2       0x34 ./Middlewares/Third_Party/FreeRTOS/Source/queue.o
 .text.xQueueCreateMutex
                0x080076e6       0x30 ./Middlewares/Third_Party/FreeRTOS/Source/queue.o
                0x080076e6                xQueueCreateMutex
 *fill*         0x08007716        0x2 
 .text.xQueueGenericSend
                0x08007718      0x154 ./Middlewares/Third_Party/FreeRTOS/Source/queue.o
                0x08007718                xQueueGenericSend
 .text.xQueueGenericSendFromISR
                0x0800786c       0xba ./Middlewares/Third_Party/FreeRTOS/Source/queue.o
                0x0800786c                xQueueGenericSendFromISR
 .text.xQueueGiveFromISR
                0x08007926       0xa8 ./Middlewares/Third_Party/FreeRTOS/Source/queue.o
                0x08007926                xQueueGiveFromISR
 *fill*         0x080079ce        0x2 
 .text.xQueueReceive
                0x080079d0      0x144 ./Middlewares/Third_Party/FreeRTOS/Source/queue.o
                0x080079d0                xQueueReceive
 .text.xQueueSemaphoreTake
                0x08007b14      0x190 ./Middlewares/Third_Party/FreeRTOS/Source/queue.o
                0x08007b14                xQueueSemaphoreTake
 .text.prvGetDisinheritPriorityAfterTimeout
                0x08007ca4       0x2e ./Middlewares/Third_Party/FreeRTOS/Source/queue.o
 .text.prvCopyDataToQueue
                0x08007cd2       0xd4 ./Middlewares/Third_Party/FreeRTOS/Source/queue.o
 .text.prvCopyDataFromQueue
                0x08007da6       0x4c ./Middlewares/Third_Party/FreeRTOS/Source/queue.o
 .text.prvUnlockQueue
                0x08007df2       0xa4 ./Middlewares/Third_Party/FreeRTOS/Source/queue.o
 .text.prvIsQueueEmpty
                0x08007e96       0x2c ./Middlewares/Third_Party/FreeRTOS/Source/queue.o
 .text.prvIsQueueFull
                0x08007ec2       0x30 ./Middlewares/Third_Party/FreeRTOS/Source/queue.o
 *fill*         0x08007ef2        0x2 
 .text.vQueueAddToRegistry
                0x08007ef4       0x50 ./Middlewares/Third_Party/FreeRTOS/Source/queue.o
                0x08007ef4                vQueueAddToRegistry
 .text.vQueueWaitForMessageRestricted
                0x08007f44       0x68 ./Middlewares/Third_Party/FreeRTOS/Source/queue.o
                0x08007f44                vQueueWaitForMessageRestricted
 .text.xTaskCreate
                0x08007fac       0x82 ./Middlewares/Third_Party/FreeRTOS/Source/tasks.o
                0x08007fac                xTaskCreate
 .text.prvInitialiseNewTask
                0x0800802e       0xee ./Middlewares/Third_Party/FreeRTOS/Source/tasks.o
 .text.prvAddNewTaskToReadyList
                0x0800811c       0xd4 ./Middlewares/Third_Party/FreeRTOS/Source/tasks.o
 .text.vTaskDelayUntil
                0x080081f0       0xa0 ./Middlewares/Third_Party/FreeRTOS/Source/tasks.o
                0x080081f0                vTaskDelayUntil
 .text.vTaskDelay
                0x08008290       0x48 ./Middlewares/Third_Party/FreeRTOS/Source/tasks.o
                0x08008290                vTaskDelay
 .text.vTaskStartScheduler
                0x080082d8       0x7c ./Middlewares/Third_Party/FreeRTOS/Source/tasks.o
                0x080082d8                vTaskStartScheduler
 .text.vTaskSuspendAll
                0x08008354       0x1c ./Middlewares/Third_Party/FreeRTOS/Source/tasks.o
                0x08008354                vTaskSuspendAll
 .text.xTaskResumeAll
                0x08008370      0x11c ./Middlewares/Third_Party/FreeRTOS/Source/tasks.o
                0x08008370                xTaskResumeAll
 .text.xTaskGetTickCount
                0x0800848c       0x1c ./Middlewares/Third_Party/FreeRTOS/Source/tasks.o
                0x0800848c                xTaskGetTickCount
 .text.xTaskIncrementTick
                0x080084a8      0x150 ./Middlewares/Third_Party/FreeRTOS/Source/tasks.o
                0x080084a8                xTaskIncrementTick
 .text.vTaskSwitchContext
                0x080085f8       0x8c ./Middlewares/Third_Party/FreeRTOS/Source/tasks.o
                0x080085f8                vTaskSwitchContext
 .text.vTaskPlaceOnEventList
                0x08008684       0x2c ./Middlewares/Third_Party/FreeRTOS/Source/tasks.o
                0x08008684                vTaskPlaceOnEventList
 .text.vTaskPlaceOnEventListRestricted
                0x080086b0       0x3c ./Middlewares/Third_Party/FreeRTOS/Source/tasks.o
                0x080086b0                vTaskPlaceOnEventListRestricted
 .text.xTaskRemoveFromEventList
                0x080086ec       0xa8 ./Middlewares/Third_Party/FreeRTOS/Source/tasks.o
                0x080086ec                xTaskRemoveFromEventList
 .text.vTaskInternalSetTimeOutState
                0x08008794       0x2c ./Middlewares/Third_Party/FreeRTOS/Source/tasks.o
                0x08008794                vTaskInternalSetTimeOutState
 .text.xTaskCheckForTimeOut
                0x080087c0       0x8c ./Middlewares/Third_Party/FreeRTOS/Source/tasks.o
                0x080087c0                xTaskCheckForTimeOut
 .text.vTaskMissedYield
                0x0800884c       0x18 ./Middlewares/Third_Party/FreeRTOS/Source/tasks.o
                0x0800884c                vTaskMissedYield
 .text.prvIdleTask
                0x08008864       0x30 ./Middlewares/Third_Party/FreeRTOS/Source/tasks.o
 .text.prvInitialiseTaskLists
                0x08008894       0x80 ./Middlewares/Third_Party/FreeRTOS/Source/tasks.o
 .text.prvCheckTasksWaitingTermination
                0x08008914       0x5c ./Middlewares/Third_Party/FreeRTOS/Source/tasks.o
 .text.prvDeleteTCB
                0x08008970       0x20 ./Middlewares/Third_Party/FreeRTOS/Source/tasks.o
 .text.prvResetNextTaskUnblockTime
                0x08008990       0x40 ./Middlewares/Third_Party/FreeRTOS/Source/tasks.o
 .text.xTaskGetSchedulerState
                0x080089d0       0x3c ./Middlewares/Third_Party/FreeRTOS/Source/tasks.o
                0x080089d0                xTaskGetSchedulerState
 .text.xTaskPriorityInherit
                0x08008a0c       0xec ./Middlewares/Third_Party/FreeRTOS/Source/tasks.o
                0x08008a0c                xTaskPriorityInherit
 .text.xTaskPriorityDisinherit
                0x08008af8       0xc8 ./Middlewares/Third_Party/FreeRTOS/Source/tasks.o
                0x08008af8                xTaskPriorityDisinherit
 .text.vTaskPriorityDisinheritAfterTimeout
                0x08008bc0       0xdc ./Middlewares/Third_Party/FreeRTOS/Source/tasks.o
                0x08008bc0                vTaskPriorityDisinheritAfterTimeout
 .text.pvTaskIncrementMutexHeldCount
                0x08008c9c       0x28 ./Middlewares/Third_Party/FreeRTOS/Source/tasks.o
                0x08008c9c                pvTaskIncrementMutexHeldCount
 .text.ulTaskNotifyTake
                0x08008cc4       0x90 ./Middlewares/Third_Party/FreeRTOS/Source/tasks.o
                0x08008cc4                ulTaskNotifyTake
 .text.xTaskGenericNotify
                0x08008d54      0x110 ./Middlewares/Third_Party/FreeRTOS/Source/tasks.o
                0x08008d54                xTaskGenericNotify
 .text.prvAddCurrentTaskToDelayedList
                0x08008e64       0xcc ./Middlewares/Third_Party/FreeRTOS/Source/tasks.o
 .text.xTimerCreateTimerTask
                0x08008f30       0x48 ./Middlewares/Third_Party/FreeRTOS/Source/timers.o
                0x08008f30                xTimerCreateTimerTask
 .text.xTimerCreate
                0x08008f78       0x42 ./Middlewares/Third_Party/FreeRTOS/Source/timers.o
                0x08008f78                xTimerCreate
 .text.prvInitialiseNewTimer
                0x08008fba       0x5a ./Middlewares/Third_Party/FreeRTOS/Source/timers.o
 .text.xTimerGenericCommand
                0x08009014       0x80 ./Middlewares/Third_Party/FreeRTOS/Source/timers.o
                0x08009014                xTimerGenericCommand
 .text.prvProcessExpiredTimer
                0x08009094       0x80 ./Middlewares/Third_Party/FreeRTOS/Source/timers.o
 .text.prvTimerTask
                0x08009114       0x26 ./Middlewares/Third_Party/FreeRTOS/Source/timers.o
 *fill*         0x0800913a        0x2 
 .text.prvProcessTimerOrBlockTask
                0x0800913c       0x9c ./Middlewares/Third_Party/FreeRTOS/Source/timers.o
 .text.prvGetNextExpireTime
                0x080091d8       0x44 ./Middlewares/Third_Party/FreeRTOS/Source/timers.o
 .text.prvSampleTimeNow
                0x0800921c       0x40 ./Middlewares/Third_Party/FreeRTOS/Source/timers.o
 .text.prvInsertTimerInActiveList
                0x0800925c       0x84 ./Middlewares/Third_Party/FreeRTOS/Source/timers.o
 .text.prvProcessReceivedCommands
                0x080092e0      0x154 ./Middlewares/Third_Party/FreeRTOS/Source/timers.o
 .text.prvSwitchTimerLists
                0x08009434       0xac ./Middlewares/Third_Party/FreeRTOS/Source/timers.o
 .text.prvCheckForValidListAndQueue
                0x080094e0       0x6c ./Middlewares/Third_Party/FreeRTOS/Source/timers.o
 .text.pxPortInitialiseStack
                0x0800954c       0x58 ./Middlewares/Third_Party/FreeRTOS/Source/portable/GCC/ARM_CM3/port.o
                0x0800954c                pxPortInitialiseStack
 .text.prvTaskExitError
                0x080095a4       0x32 ./Middlewares/Third_Party/FreeRTOS/Source/portable/GCC/ARM_CM3/port.o
 *fill*         0x080095d6        0xa 
 .text.SVC_Handler
                0x080095e0       0x28 ./Middlewares/Third_Party/FreeRTOS/Source/portable/GCC/ARM_CM3/port.o
                0x080095e0                SVC_Handler
 .text.prvPortStartFirstTask
                0x08009608       0x20 ./Middlewares/Third_Party/FreeRTOS/Source/portable/GCC/ARM_CM3/port.o
 .text.xPortStartScheduler
                0x08009628       0x40 ./Middlewares/Third_Party/FreeRTOS/Source/portable/GCC/ARM_CM3/port.o
                0x08009628                xPortStartScheduler
 .text.vPortEnterCritical
                0x08009668       0x34 ./Middlewares/Third_Party/FreeRTOS/Source/portable/GCC/ARM_CM3/port.o
                0x08009668                vPortEnterCritical
 .text.vPortExitCritical
                0x0800969c       0x34 ./Middlewares/Third_Party/FreeRTOS/Source/portable/GCC/ARM_CM3/port.o
                0x0800969c                vPortExitCritical
 .text.PendSV_Handler
                0x080096d0       0x48 ./Middlewares/Third_Party/FreeRTOS/Source/portable/GCC/ARM_CM3/port.o
                0x080096d0                PendSV_Handler
 .text.xPortSysTickHandler
                0x08009718       0x44 ./Middlewares/Third_Party/FreeRTOS/Source/portable/GCC/ARM_CM3/port.o
                0x08009718                xPortSysTickHandler
 .text.vPortSetupTimerInterrupt
                0x0800975c       0x44 ./Middlewares/Third_Party/FreeRTOS/Source/portable/GCC/ARM_CM3/port.o
                0x0800975c                vPortSetupTimerInterrupt
 .text.pvPortMalloc
                0x080097a0      0x134 ./Middlewares/Third_Party/FreeRTOS/Source/portable/MemMang/heap_4.o
                0x080097a0                pvPortMalloc
 .text.vPortFree
                0x080098d4       0x80 ./Middlewares/Third_Party/FreeRTOS/Source/portable/MemMang/heap_4.o
                0x080098d4                vPortFree
 .text.prvHeapInit
                0x08009954       0xc4 ./Middlewares/Third_Party/FreeRTOS/Source/portable/MemMang/heap_4.o
 .text.prvInsertBlockIntoFreeList
                0x08009a18       0xb0 ./Middlewares/Third_Party/FreeRTOS/Source/portable/MemMang/heap_4.o
 .text.std      0x08009ac8       0x6c D:/STM32CubeIDE/STM32CubeIDE_2.0.0/STM32CubeIDE/plugins/com.st.stm32cube.ide.mcu.externaltools.gnu-tools-for-stm32.13.3.rel1.win32_1.0.100.202509120712/tools/bin/../lib/gcc/arm-none-eabi/13.3.1/../../../../arm-none-eabi/lib/thumb/v7-m/nofp\libc_nano.a(libc_a-findfp.o)
 .text.stdio_exit_handler
                0x08009b34       0x18 D:/STM32CubeIDE/STM32CubeIDE_2.0.0/STM32CubeIDE/plugins/com.st.stm32cube.ide.mcu.externaltools.gnu-tools-for-stm32.13.3.rel1.win32_1.0.100.202509120712/tools/bin/../lib/gcc/arm-none-eabi/13.3.1/../../../../arm-none-eabi/lib/thumb/v7-m/nofp\libc_nano.a(libc_a-findfp.o)
 .text.cleanup_stdio
                0x08009b4c       0x40 D:/STM32CubeIDE/STM32CubeIDE_2.0.0/STM32CubeIDE/plugins/com.st.stm32cube.ide.mcu.externaltools.gnu-tools-for-stm32.13.3.rel1.win32_1.0.100.202509120712/tools/bin/../lib/gcc/arm-none-eabi/13.3.1/../../../../arm-none-eabi/lib/thumb/v7-m/nofp\libc_nano.a(libc_a-findfp.o)
 .text.global_stdio_init.part.0
                0x08009b8c       0x3c D:/STM32CubeIDE/STM32CubeIDE_2.0.0/STM32CubeIDE/plugins/com.st.stm32cube.ide.mcu.externaltools.gnu-tools-for-stm32.13.3.rel1.win32_1.0.100.202509120712/tools/bin/../lib/gcc/arm-none-eabi/13.3.1/../../../../arm-none-eabi/lib/thumb/v7-m/nofp\libc_nano.a(libc_a-findfp.o)
 .text.__sfp_lock_acquire
                0x08009bc8        0xc D:/STM32CubeIDE/STM32CubeIDE_2.0.0/STM32CubeIDE/plugins/com.st.stm32cube.ide.mcu.externaltools.gnu-tools-for-stm32.13.3.rel1.win32_1.0.100.202509120712/tools/bin/../lib/gcc/arm-none-eabi/13.3.1/../../../../arm-none-eabi/lib/thumb/v7-m/nofp\libc_nano.a(libc_a-findfp.o)
                0x08009bc8                __sfp_lock_acquire
 .text.__sfp_lock_release
                0x08009bd4        0xc D:/STM32CubeIDE/STM32CubeIDE_2.0.0/STM32CubeIDE/plugins/com.st.stm32cube.ide.mcu.externaltools.gnu-tools-for-stm32.13.3.rel1.win32_1.0.100.202509120712/tools/bin/../lib/gcc/arm-none-eabi/13.3.1/../../../../arm-none-eabi/lib/thumb/v7-m/nofp\libc_nano.a(libc_a-findfp.o)
                0x08009bd4                __sfp_lock_release
 .text.__sinit  0x08009be0       0x30 D:/STM32CubeIDE/STM32CubeIDE_2.0.0/STM32CubeIDE/plugins/com.st.stm32cube.ide.mcu.externaltools.gnu-tools-for-stm32.13.3.rel1.win32_1.0.100.202509120712/tools/bin/../lib/gcc/arm-none-eabi/13.3.1/../../../../arm-none-eabi/lib/thumb/v7-m/nofp\libc_nano.a(libc_a-findfp.o)
                0x08009be0                __sinit
 .text._fwalk_sglue
                0x08009c10       0x3c D:/STM32CubeIDE/STM32CubeIDE_2.0.0/STM32CubeIDE/plugins/com.st.stm32cube.ide.mcu.externaltools.gnu-tools-for-stm32.13.3.rel1.win32_1.0.100.202509120712/tools/bin/../lib/gcc/arm-none-eabi/13.3.1/../../../../arm-none-eabi/lib/thumb/v7-m/nofp\libc_nano.a(libc_a-fwalk.o)
                0x08009c10                _fwalk_sglue
 .text.printf   0x08009c4c       0x24 D:/STM32CubeIDE/STM32CubeIDE_2.0.0/STM32CubeIDE/plugins/com.st.stm32cube.ide.mcu.externaltools.gnu-tools-for-stm32.13.3.rel1.win32_1.0.100.202509120712/tools/bin/../lib/gcc/arm-none-eabi/13.3.1/../../../../arm-none-eabi/lib/thumb/v7-m/nofp\libc_nano.a(libc_a-printf.o)
                0x08009c4c                iprintf
                0x08009c4c                printf
 .text._puts_r  0x08009c70       0xaa D:/STM32CubeIDE/STM32CubeIDE_2.0.0/STM32CubeIDE/plugins/com.st.stm32cube.ide.mcu.externaltools.gnu-tools-for-stm32.13.3.rel1.win32_1.0.100.202509120712/tools/bin/../lib/gcc/arm-none-eabi/13.3.1/../../../../arm-none-eabi/lib/thumb/v7-m/nofp\libc_nano.a(libc_a-puts.o)
                0x08009c70                _puts_r
 *fill*         0x08009d1a        0x2 
 .text.puts     0x08009d1c       0x10 D:/STM32CubeIDE/STM32CubeIDE_2.0.0/STM32CubeIDE/plugins/com.st.stm32cube.ide.mcu.externaltools.gnu-tools-for-stm32.13.3.rel1.win32_1.0.100.202509120712/tools/bin/../lib/gcc/arm-none-eabi/13.3.1/../../../../arm-none-eabi/lib/thumb/v7-m/nofp\libc_nano.a(libc_a-puts.o)
                0x08009d1c                puts
 .text.__sread  0x08009d2c       0x22 D:/STM32CubeIDE/STM32CubeIDE_2.0.0/STM32CubeIDE/plugins/com.st.stm32cube.ide.mcu.externaltools.gnu-tools-for-stm32.13.3.rel1.win32_1.0.100.202509120712/tools/bin/../lib/gcc/arm-none-eabi/13.3.1/../../../../arm-none-eabi/lib/thumb/v7-m/nofp\libc_nano.a(libc_a-stdio.o)
                0x08009d2c                __sread
 .text.__swrite
                0x08009d4e       0x38 D:/STM32CubeIDE/STM32CubeIDE_2.0.0/STM32CubeIDE/plugins/com.st.stm32cube.ide.mcu.externaltools.gnu-tools-for-stm32.13.3.rel1.win32_1.0.100.202509120712/tools/bin/../lib/gcc/arm-none-eabi/13.3.1/../../../../arm-none-eabi/lib/thumb/v7-m/nofp\libc_nano.a(libc_a-stdio.o)
                0x08009d4e                __swrite
 .text.__sseek  0x08009d86       0x24 D:/STM32CubeIDE/STM32CubeIDE_2.0.0/STM32CubeIDE/plugins/com.st.stm32cube.ide.mcu.externaltools.gnu-tools-for-stm32.13.3.rel1.win32_1.0.100.202509120712/tools/bin/../lib/gcc/arm-none-eabi/13.3.1/../../../../arm-none-eabi/lib/thumb/v7-m/nofp\libc_nano.a(libc_a-stdio.o)
                0x08009d86                __sseek
 .text.__sclose
                0x08009daa        0x8 D:/STM32CubeIDE/STM32CubeIDE_2.0.0/STM32CubeIDE/plugins/com.st.stm32cube.ide.mcu.externaltools.gnu-tools-for-stm32.13.3.rel1.win32_1.0.100.202509120712/tools/bin/../lib/gcc/arm-none-eabi/13.3.1/../../../../arm-none-eabi/lib/thumb/v7-m/nofp\libc_nano.a(libc_a-stdio.o)
                0x08009daa                __sclose
 .text.__swbuf_r
                0x08009db2       0x7c D:/STM32CubeIDE/STM32CubeIDE_2.0.0/STM32CubeIDE/plugins/com.st.stm32cube.ide.mcu.externaltools.gnu-tools-for-stm32.13.3.rel1.win32_1.0.100.202509120712/tools/bin/../lib/gcc/arm-none-eabi/13.3.1/../../../../arm-none-eabi/lib/thumb/v7-m/nofp\libc_nano.a(libc_a-wbuf.o)
                0x08009db2                __swbuf_r
 *fill*         0x08009e2e        0x2 
 .text.__swsetup_r
                0x08009e30       0xac D:/STM32CubeIDE/STM32CubeIDE_2.0.0/STM32CubeIDE/plugins/com.st.stm32cube.ide.mcu.externaltools.gnu-tools-for-stm32.13.3.rel1.win32_1.0.100.202509120712/tools/bin/../lib/gcc/arm-none-eabi/13.3.1/../../../../arm-none-eabi/lib/thumb/v7-m/nofp\libc_nano.a(libc_a-wsetup.o)
                0x08009e30                __swsetup_r
 .text.memset   0x08009edc       0x10 D:/STM32CubeIDE/STM32CubeIDE_2.0.0/STM32CubeIDE/plugins/com.st.stm32cube.ide.mcu.externaltools.gnu-tools-for-stm32.13.3.rel1.win32_1.0.100.202509120712/tools/bin/../lib/gcc/arm-none-eabi/13.3.1/../../../../arm-none-eabi/lib/thumb/v7-m/nofp\libc_nano.a(libc_a-memset.o)
                0x08009edc                memset
 .text._close_r
                0x08009eec       0x20 D:/STM32CubeIDE/STM32CubeIDE_2.0.0/STM32CubeIDE/plugins/com.st.stm32cube.ide.mcu.externaltools.gnu-tools-for-stm32.13.3.rel1.win32_1.0.100.202509120712/tools/bin/../lib/gcc/arm-none-eabi/13.3.1/../../../../arm-none-eabi/lib/thumb/v7-m/nofp\libc_nano.a(libc_a-closer.o)
                0x08009eec                _close_r
 .text._lseek_r
                0x08009f0c       0x24 D:/STM32CubeIDE/STM32CubeIDE_2.0.0/STM32CubeIDE/plugins/com.st.stm32cube.ide.mcu.externaltools.gnu-tools-for-stm32.13.3.rel1.win32_1.0.100.202509120712/tools/bin/../lib/gcc/arm-none-eabi/13.3.1/../../../../arm-none-eabi/lib/thumb/v7-m/nofp\libc_nano.a(libc_a-lseekr.o)
                0x08009f0c                _lseek_r
 .text._read_r  0x08009f30       0x24 D:/STM32CubeIDE/STM32CubeIDE_2.0.0/STM32CubeIDE/plugins/com.st.stm32cube.ide.mcu.externaltools.gnu-tools-for-stm32.13.3.rel1.win32_1.0.100.202509120712/tools/bin/../lib/gcc/arm-none-eabi/13.3.1/../../../../arm-none-eabi/lib/thumb/v7-m/nofp\libc_nano.a(libc_a-readr.o)
                0x08009f30                _read_r
 .text._write_r
                0x08009f54       0x24 D:/STM32CubeIDE/STM32CubeIDE_2.0.0/STM32CubeIDE/plugins/com.st.stm32cube.ide.mcu.externaltools.gnu-tools-for-stm32.13.3.rel1.win32_1.0.100.202509120712/tools/bin/../lib/gcc/arm-none-eabi/13.3.1/../../../../arm-none-eabi/lib/thumb/v7-m/nofp\libc_nano.a(libc_a-writer.o)
                0x08009f54                _write_r
 .text.__errno  0x08009f78        0xc D:/STM32CubeIDE/STM32CubeIDE_2.0.0/STM32CubeIDE/plugins/com.st.stm32cube.ide.mcu.externaltools.gnu-tools-for-stm32.13.3.rel1.win32_1.0.100.202509120712/tools/bin/../lib/gcc/arm-none-eabi/13.3.1/../../../../arm-none-eabi/lib/thumb/v7-m/nofp\libc_nano.a(libc_a-errno.o)
                0x08009f78                __errno
 .text.__libc_init_array
                0x08009f84       0x48 D:/STM32CubeIDE/STM32CubeIDE_2.0.0/STM32CubeIDE/plugins/com.st.stm32cube.ide.mcu.externaltools.gnu-tools-for-stm32.13.3.rel1.win32_1.0.100.202509120712/tools/bin/../lib/gcc/arm-none-eabi/13.3.1/../../../../arm-none-eabi/lib/thumb/v7-m/nofp\libc_nano.a(libc_a-init.o)
                0x08009f84                __libc_init_array
 .text.__retarget_lock_init_recursive
                0x08009fcc        0x2 D:/STM32CubeIDE/STM32CubeIDE_2.0.0/STM32CubeIDE/plugins/com.st.stm32cube.ide.mcu.externaltools.gnu-tools-for-stm32.13.3.rel1.win32_1.0.100.202509120712/tools/bin/../lib/gcc/arm-none-eabi/13.3.1/../../../../arm-none-eabi/lib/thumb/v7-m/nofp\libc_nano.a(libc_a-lock.o)
                0x08009fcc                __retarget_lock_init_recursive
 .text.__retarget_lock_acquire_recursive
                0x08009fce        0x2 D:/STM32CubeIDE/STM32CubeIDE_2.0.0/STM32CubeIDE/plugins/com.st.stm32cube.ide.mcu.externaltools.gnu-tools-for-stm32.13.3.rel1.win32_1.0.100.202509120712/tools/bin/../lib/gcc/arm-none-eabi/13.3.1/../../../../arm-none-eabi/lib/thumb/v7-m/nofp\libc_nano.a(libc_a-lock.o)
                0x08009fce                __retarget_lock_acquire_recursive
 .text.__retarget_lock_release_recursive
                0x08009fd0        0x2 D:/STM32CubeIDE/STM32CubeIDE_2.0.0/STM32CubeIDE/plugins/com.st.stm32cube.ide.mcu.externaltools.gnu-tools-for-stm32.13.3.rel1.win32_1.0.100.202509120712/tools/bin/../lib/gcc/arm-none-eabi/13.3.1/../../../../arm-none-eabi/lib/thumb/v7-m/nofp\libc_nano.a(libc_a-lock.o)
                0x08009fd0                __retarget_lock_release_recursive
 .text.memcpy   0x08009fd2       0x1c D:/STM32CubeIDE/STM32CubeIDE_2.0.0/STM32CubeIDE/plugins/com.st.stm32cube.ide.mcu.externaltools.gnu-tools-for-stm32.13.3.rel1.win32_1.0.100.202509120712/tools/bin/../lib/gcc/arm-none-eabi/13.3.1/../../../../arm-none-eabi/lib/thumb/v7-m/nofp\libc_nano.a(libc_a-memcpy-stub.o)
                0x08009fd2                memcpy
 *fill*         0x08009fee        0x2 
 .text._free_r  0x08009ff0       0x90 D:/STM32CubeIDE/STM32CubeIDE_2.0.0/STM32CubeIDE/plugins/com.st.stm32cube.ide.mcu.externaltools.gnu-tools-for-stm32.13.3.rel1.win32_1.0.100.202509120712/tools/bin/../lib/gcc/arm-none-eabi/13.3.1/../../../../arm-none-eabi/lib/thumb/v7-m/nofp\libc_nano.a(libc_a-freer.o)
                0x08009ff0                _free_r
 .text.sbrk_aligned
                0x0800a080       0x44 D:/STM32CubeIDE/STM32CubeIDE_2.0.0/STM32CubeIDE/plugins/com.st.stm32cube.ide.mcu.externaltools.gnu-tools-for-stm32.13.3.rel1.win32_1.0.100.202509120712/tools/bin/../lib/gcc/arm-none-eabi/13.3.1/../../../../arm-none-eabi/lib/thumb/v7-m/nofp\libc_nano.a(libc_a-mallocr.o)
 .text._malloc_r
                0x0800a0c4      0x100 D:/STM32CubeIDE/STM32CubeIDE_2.0.0/STM32CubeIDE/plugins/com.st.stm32cube.ide.mcu.externaltools.gnu-tools-for-stm32.13.3.rel1.win32_1.0.100.202509120712/tools/bin/../lib/gcc/arm-none-eabi/13.3.1/../../../../arm-none-eabi/lib/thumb/v7-m/nofp\libc_nano.a(libc_a-mallocr.o)
                0x0800a0c4                _malloc_r
 .text.__malloc_lock
                0x0800a1c4        0xc D:/STM32CubeIDE/STM32CubeIDE_2.0.0/STM32CubeIDE/plugins/com.st.stm32cube.ide.mcu.externaltools.gnu-tools-for-stm32.13.3.rel1.win32_1.0.100.202509120712/tools/bin/../lib/gcc/arm-none-eabi/13.3.1/../../../../arm-none-eabi/lib/thumb/v7-m/nofp\libc_nano.a(libc_a-mlock.o)
                0x0800a1c4                __malloc_lock
 .text.__malloc_unlock
                0x0800a1d0        0xc D:/STM32CubeIDE/STM32CubeIDE_2.0.0/STM32CubeIDE/plugins/com.st.stm32cube.ide.mcu.externaltools.gnu-tools-for-stm32.13.3.rel1.win32_1.0.100.202509120712/tools/bin/../lib/gcc/arm-none-eabi/13.3.1/../../../../arm-none-eabi/lib/thumb/v7-m/nofp\libc_nano.a(libc_a-mlock.o)
                0x0800a1d0                __malloc_unlock
 .text.__sfputc_r
                0x0800a1dc       0x2a D:/STM32CubeIDE/STM32CubeIDE_2.0.0/STM32CubeIDE/plugins/com.st.stm32cube.ide.mcu.externaltools.gnu-tools-for-stm32.13.3.rel1.win32_1.0.100.202509120712/tools/bin/../lib/gcc/arm-none-eabi/13.3.1/../../../../arm-none-eabi/lib/thumb/v7-m/nofp\libc_nano.a(libc_a-nano-vfprintf.o)
 .text.__sfputs_r
                0x0800a206       0x24 D:/STM32CubeIDE/STM32CubeIDE_2.0.0/STM32CubeIDE/plugins/com.st.stm32cube.ide.mcu.externaltools.gnu-tools-for-stm32.13.3.rel1.win32_1.0.100.202509120712/tools/bin/../lib/gcc/arm-none-eabi/13.3.1/../../../../arm-none-eabi/lib/thumb/v7-m/nofp\libc_nano.a(libc_a-nano-vfprintf.o)
                0x0800a206                __sfputs_r
 *fill*         0x0800a22a        0x2 
 .text._vfprintf_r
                0x0800a22c      0x230 D:/STM32CubeIDE/STM32CubeIDE_2.0.0/STM32CubeIDE/plugins/com.st.stm32cube.ide.mcu.externaltools.gnu-tools-for-stm32.13.3.rel1.win32_1.0.100.202509120712/tools/bin/../lib/gcc/arm-none-eabi/13.3.1/../../../../arm-none-eabi/lib/thumb/v7-m/nofp\libc_nano.a(libc_a-nano-vfprintf.o)
                0x0800a22c                _vfprintf_r
                0x0800a22c                _vfiprintf_r
 .text._printf_common
                0x0800a45c       0xe4 D:/STM32CubeIDE/STM32CubeIDE_2.0.0/STM32CubeIDE/plugins/com.st.stm32cube.ide.mcu.externaltools.gnu-tools-for-stm32.13.3.rel1.win32_1.0.100.202509120712/tools/bin/../lib/gcc/arm-none-eabi/13.3.1/../../../../arm-none-eabi/lib/thumb/v7-m/nofp\libc_nano.a(libc_a-nano-vfprintf_i.o)
                0x0800a45c                _printf_common
 .text._printf_i
                0x0800a540      0x23c D:/STM32CubeIDE/STM32CubeIDE_2.0.0/STM32CubeIDE/plugins/com.st.stm32cube.ide.mcu.externaltools.gnu-tools-for-stm32.13.3.rel1.win32_1.0.100.202509120712/tools/bin/../lib/gcc/arm-none-eabi/13.3.1/../../../../arm-none-eabi/lib/thumb/v7-m/nofp\libc_nano.a(libc_a-nano-vfprintf_i.o)
                0x0800a540                _printf_i
 .text.__sflush_r
                0x0800a77c      0x100 D:/STM32CubeIDE/STM32CubeIDE_2.0.0/STM32CubeIDE/plugins/com.st.stm32cube.ide.mcu.externaltools.gnu-tools-for-stm32.13.3.rel1.win32_1.0.100.202509120712/tools/bin/../lib/gcc/arm-none-eabi/13.3.1/../../../../arm-none-eabi/lib/thumb/v7-m/nofp\libc_nano.a(libc_a-fflush.o)
                0x0800a77c                __sflush_r
 .text._fflush_r
                0x0800a87c       0x50 D:/STM32CubeIDE/STM32CubeIDE_2.0.0/STM32CubeIDE/plugins/com.st.stm32cube.ide.mcu.externaltools.gnu-tools-for-stm32.13.3.rel1.win32_1.0.100.202509120712/tools/bin/../lib/gcc/arm-none-eabi/13.3.1/../../../../arm-none-eabi/lib/thumb/v7-m/nofp\libc_nano.a(libc_a-fflush.o)
                0x0800a87c                _fflush_r
 .text.__swhatbuf_r
                0x0800a8cc       0x4a D:/STM32CubeIDE/STM32CubeIDE_2.0.0/STM32CubeIDE/plugins/com.st.stm32cube.ide.mcu.externaltools.gnu-tools-for-stm32.13.3.rel1.win32_1.0.100.202509120712/tools/bin/../lib/gcc/arm-none-eabi/13.3.1/../../../../arm-none-eabi/lib/thumb/v7-m/nofp\libc_nano.a(libc_a-makebuf.o)
                0x0800a8cc                __swhatbuf_r
 .text.__smakebuf_r
                0x0800a916       0x78 D:/STM32CubeIDE/STM32CubeIDE_2.0.0/STM32CubeIDE/plugins/com.st.stm32cube.ide.mcu.externaltools.gnu-tools-for-stm32.13.3.rel1.win32_1.0.100.202509120712/tools/bin/../lib/gcc/arm-none-eabi/13.3.1/../../../../arm-none-eabi/lib/thumb/v7-m/nofp\libc_nano.a(libc_a-makebuf.o)
                0x0800a916                __smakebuf_r
 *fill*         0x0800a98e        0x2 
 .text._fstat_r
                0x0800a990       0x24 D:/STM32CubeIDE/STM32CubeIDE_2.0.0/STM32CubeIDE/plugins/com.st.stm32cube.ide.mcu.externaltools.gnu-tools-for-stm32.13.3.rel1.win32_1.0.100.202509120712/tools/bin/../lib/gcc/arm-none-eabi/13.3.1/../../../../arm-none-eabi/lib/thumb/v7-m/nofp\libc_nano.a(libc_a-fstatr.o)
                0x0800a990                _fstat_r
 .text._isatty_r
                0x0800a9b4       0x20 D:/STM32CubeIDE/STM32CubeIDE_2.0.0/STM32CubeIDE/plugins/com.st.stm32cube.ide.mcu.externaltools.gnu-tools-for-stm32.13.3.rel1.win32_1.0.100.202509120712/tools/bin/../lib/gcc/arm-none-eabi/13.3.1/../../../../arm-none-eabi/lib/thumb/v7-m/nofp\libc_nano.a(libc_a-isattyr.o)
                0x0800a9b4                _isatty_r
 .text._sbrk_r  0x0800a9d4       0x20 D:/STM32CubeIDE/STM32CubeIDE_2.0.0/STM32CubeIDE/plugins/com.st.stm32cube.ide.mcu.externaltools.gnu-tools-for-stm32.13.3.rel1.win32_1.0.100.202509120712/tools/bin/../lib/gcc/arm-none-eabi/13.3.1/../../../../arm-none-eabi/lib/thumb/v7-m/nofp\libc_nano.a(libc_a-sbrkr.o)
                0x0800a9d4                _sbrk_r
 .text.memchr   0x0800a9f4       0x1c D:/STM32CubeIDE/STM32CubeIDE_2.0.0/STM32CubeIDE/plugins/com.st.stm32cube.ide.mcu.externaltools.gnu-tools-for-stm32.13.3.rel1.win32_1.0.100.202509120712/tools/bin/../lib/gcc/arm-none-eabi/13.3.1/../../../../arm-none-eabi/lib/thumb/v7-m/nofp\libc_nano.a(libc_a-memchr-stub.o)
                0x0800a9f4                memchr
 *(.glue_7)
 .glue_7        0x0800aa10        0x0 linker stubs
 *(.glue_7t)
 .glue_7t       0x0800aa10        0x0 linker stubs
 *(.eh_frame)
 .eh_frame      0x0800aa10        0x0 D:/STM32CubeIDE/STM32CubeIDE_2.0.0/STM32CubeIDE/plugins/com.st.stm32cube.ide.mcu.externaltools.gnu-tools-for-stm32.13.3.rel1.win32_1.0.100.202509120712/tools/bin/../lib/gcc/arm-none-eabi/13.3.1/thumb/v7-m/nofp/crtbegin.o
 *(.init)
 .init          0x0800aa10        0x4 D:/STM32CubeIDE/STM32CubeIDE_2.0.0/STM32CubeIDE/plugins/com.st.stm32cube.ide.mcu.externaltools.gnu-tools-for-stm32.13.3.rel1.win32_1.0.100.202509120712/tools/bin/../lib/gcc/arm-none-eabi/13.3.1/thumb/v7-m/nofp/crti.o
                0x0800aa10                _init
 .init          0x0800aa14        0x8 D:/STM32CubeIDE/STM32CubeIDE_2.0.0/STM32CubeIDE/plugins/com.st.stm32cube.ide.mcu.externaltools.gnu-tools-for-stm32.13.3.rel1.win32_1.0.100.202509120712/tools/bin/../lib/gcc/arm-none-eabi/13.3.1/thumb/v7-m/nofp/crtn.o
 *(.fini)
 .fini          0x0800aa1c        0x4 D:/STM32CubeIDE/STM32CubeIDE_2.0.0/STM32CubeIDE/plugins/com.st.stm32cube.ide.mcu.externaltools.gnu-tools-for-stm32.13.3.rel1.win32_1.0.100.202509120712/tools/bin/../lib/gcc/arm-none-eabi/13.3.1/thumb/v7-m/nofp/crti.o
                0x0800aa1c                _fini
 .fini          0x0800aa20        0x8 D:/STM32CubeIDE/STM32CubeIDE_2.0.0/STM32CubeIDE/plugins/com.st.stm32cube.ide.mcu.externaltools.gnu-tools-for-stm32.13.3.rel1.win32_1.0.100.202509120712/tools/bin/../lib/gcc/arm-none-eabi/13.3.1/thumb/v7-m/nofp/crtn.o
                0x0800aa28                        . = ALIGN (0x4)
                0x0800aa28                        _etext = .

.vfp11_veneer   0x0800aa28        0x0
 .vfp11_veneer  0x0800aa28        0x0 linker stubs

.v4_bx          0x0800aa28        0x0
 .v4_bx         0x0800aa28        0x0 linker stubs

.iplt           0x0800aa28        0x0
 .iplt          0x0800aa28        0x0 D:/STM32CubeIDE/STM32CubeIDE_2.0.0/STM32CubeIDE/plugins/com.st.stm32cube.ide.mcu.externaltools.gnu-tools-for-stm32.13.3.rel1.win32_1.0.100.202509120712/tools/bin/../lib/gcc/arm-none-eabi/13.3.1/thumb/v7-m/nofp/crtbegin.o

.rodata         0x0800aa28      0x954
                0x0800aa28                        . = ALIGN (0x4)
 *(.rodata)
 .rodata        0x0800aa28       0xbd ./Core/Src/freertos.o
 *fill*         0x0800aae5        0x3 
 .rodata        0x0800aae8        0x5 ./Hardware/NRF24L01.o
 *fill*         0x0800aaed        0x3 
 .rodata        0x0800aaf0        0x5 ./Middlewares/Third_Party/FreeRTOS/Source/tasks.o
 *fill*         0x0800aaf5        0x3 
 .rodata        0x0800aaf8        0xd ./Middlewares/Third_Party/FreeRTOS/Source/timers.o
 *(.rodata*)
 *fill*         0x0800ab05        0x1 
 .rodata.GAIT_DELAY_FORWARD
                0x0800ab06        0x2 ./Core/Src/main.o
                0x0800ab06                GAIT_DELAY_FORWARD
 .rodata.GAIT_DELAY_BACKWARD
                0x0800ab08        0x2 ./Core/Src/main.o
                0x0800ab08                GAIT_DELAY_BACKWARD
 .rodata.GAIT_DELAY_TURNLEFT
                0x0800ab0a        0x2 ./Core/Src/main.o
                0x0800ab0a                GAIT_DELAY_TURNLEFT
 .rodata.GAIT_DELAY_TURNRIGHT
                0x0800ab0c        0x2 ./Core/Src/main.o
                0x0800ab0c                GAIT_DELAY_TURNRIGHT
 .rodata.GAIT_DELAY_ROTATECW
                0x0800ab0e        0x2 ./Core/Src/main.o
                0x0800ab0e                GAIT_DELAY_ROTATECW
 .rodata.GAIT_DELAY_ROTATECCW
                0x0800ab10        0x2 ./Core/Src/main.o
                0x0800ab10                GAIT_DELAY_ROTATECCW
 .rodata.GAIT_DELAY_SIT
                0x0800ab12        0x2 ./Core/Src/main.o
                0x0800ab12                GAIT_DELAY_SIT
 .rodata.AHBPrescTable
                0x0800ab14       0x10 ./Core/Src/system_stm32f1xx.o
                0x0800ab14                AHBPrescTable
 .rodata.APBPrescTable
                0x0800ab24        0x8 ./Core/Src/system_stm32f1xx.o
                0x0800ab24                APBPrescTable
 .rodata.aPLLMULFactorTable.1
                0x0800ab2c       0x10 ./Drivers/STM32F1xx_HAL_Driver/Src/stm32f1xx_hal_rcc.o
 .rodata.aPredivFactorTable.0
                0x0800ab3c        0x2 ./Drivers/STM32F1xx_HAL_Driver/Src/stm32f1xx_hal_rcc.o
 *fill*         0x0800ab3e        0x2 
 .rodata.TX_ADDRESS
                0x0800ab40        0x5 ./Hardware/NRF24L01.o
 *fill*         0x0800ab45        0x3 
 .rodata.happy  0x0800ab48      0x400 ./Hardware/OLED_Data.o
                0x0800ab48                happy
 .rodata.sad    0x0800af48      0x400 ./Hardware/OLED_Data.o
                0x0800af48                sad
 .rodata._vfprintf_r.str1.1
                0x0800b348       0x33 D:/STM32CubeIDE/STM32CubeIDE_2.0.0/STM32CubeIDE/plugins/com.st.stm32cube.ide.mcu.externaltools.gnu-tools-for-stm32.13.3.rel1.win32_1.0.100.202509120712/tools/bin/../lib/gcc/arm-none-eabi/13.3.1/../../../../arm-none-eabi/lib/thumb/v7-m/nofp\libc_nano.a(libc_a-nano-vfprintf.o)
                                 0x11 (size before relaxing)
 .rodata._printf_i.str1.1
                0x0800b37b        0x0 D:/STM32CubeIDE/STM32CubeIDE_2.0.0/STM32CubeIDE/plugins/com.st.stm32cube.ide.mcu.externaltools.gnu-tools-for-stm32.13.3.rel1.win32_1.0.100.202509120712/tools/bin/../lib/gcc/arm-none-eabi/13.3.1/../../../../arm-none-eabi/lib/thumb/v7-m/nofp\libc_nano.a(libc_a-nano-vfprintf_i.o)
                                 0x22 (size before relaxing)
                0x0800b37c                        . = ALIGN (0x4)
 *fill*         0x0800b37b        0x1 

.ARM.extab      0x0800b37c        0x0
                0x0800b37c                        . = ALIGN (0x4)
 *(.ARM.extab* .gnu.linkonce.armextab.*)
                0x0800b37c                        . = ALIGN (0x4)

.ARM            0x0800b37c        0x0
                0x0800b37c                        . = ALIGN (0x4)
                0x0800b37c                        __exidx_start = .
 *(.ARM.exidx*)
                0x0800b37c                        __exidx_end = .
                0x0800b37c                        . = ALIGN (0x4)

.preinit_array  0x0800b37c        0x0
                0x0800b37c                        . = ALIGN (0x4)
                0x0800b37c                        PROVIDE (__preinit_array_start = .)
 *(.preinit_array*)
                0x0800b37c                        PROVIDE (__preinit_array_end = .)
                0x0800b37c                        . = ALIGN (0x4)

.init_array     0x0800b37c        0x4
                0x0800b37c                        . = ALIGN (0x4)
                0x0800b37c                        PROVIDE (__init_array_start = .)
 *(SORT_BY_NAME(.init_array.*))
 *(.init_array*)
 .init_array    0x0800b37c        0x4 D:/STM32CubeIDE/STM32CubeIDE_2.0.0/STM32CubeIDE/plugins/com.st.stm32cube.ide.mcu.externaltools.gnu-tools-for-stm32.13.3.rel1.win32_1.0.100.202509120712/tools/bin/../lib/gcc/arm-none-eabi/13.3.1/thumb/v7-m/nofp/crtbegin.o
                0x0800b380                        PROVIDE (__init_array_end = .)
                0x0800b380                        . = ALIGN (0x4)

.fini_array     0x0800b380        0x4
                0x0800b380                        . = ALIGN (0x4)
                [!provide]                        PROVIDE (__fini_array_start = .)
 *(SORT_BY_NAME(.fini_array.*))
 *(.fini_array*)
 .fini_array    0x0800b380        0x4 D:/STM32CubeIDE/STM32CubeIDE_2.0.0/STM32CubeIDE/plugins/com.st.stm32cube.ide.mcu.externaltools.gnu-tools-for-stm32.13.3.rel1.win32_1.0.100.202509120712/tools/bin/../lib/gcc/arm-none-eabi/13.3.1/thumb/v7-m/nofp/crtbegin.o
                [!provide]                        PROVIDE (__fini_array_end = .)
                0x0800b384                        . = ALIGN (0x4)
                0x0800b384                        _sidata = LOADADDR (.data)

.rel.dyn        0x0800b384        0x0
 .rel.iplt      0x0800b384        0x0 D:/STM32CubeIDE/STM32CubeIDE_2.0.0/STM32CubeIDE/plugins/com.st.stm32cube.ide.mcu.externaltools.gnu-tools-for-stm32.13.3.rel1.win32_1.0.100.202509120712/tools/bin/../lib/gcc/arm-none-eabi/13.3.1/thumb/v7-m/nofp/crtbegin.o

.data           0x20000000       0x84 load address 0x0800b384
                0x20000000                        . = ALIGN (0x4)
                0x20000000                        _sdata = .
 *(.data)
 *(.data*)
 .data.Angle1   0x20000000        0x4 ./Core/Src/main.o
                0x20000000                Angle1
 .data.Angle2   0x20000004        0x4 ./Core/Src/main.o
                0x20000004                Angle2
 .data.Angle3   0x20000008        0x4 ./Core/Src/main.o
                0x20000008                Angle3
 .data.Angle4   0x2000000c        0x4 ./Core/Src/main.o
                0x2000000c                Angle4
 .data.Angle6   0x20000010        0x4 ./Core/Src/main.o
                0x20000010                Angle6
 .data.Angle8   0x20000014        0x4 ./Core/Src/main.o
                0x20000014                Angle8
 .data.SystemCoreClock
                0x20000018        0x4 ./Core/Src/system_stm32f1xx.o
                0x20000018                SystemCoreClock
 .data.uwTickPrio
                0x2000001c        0x4 ./Drivers/STM32F1xx_HAL_Driver/Src/stm32f1xx_hal.o
                0x2000001c                uwTickPrio
 .data.uwTickFreq
                0x20000020        0x1 ./Drivers/STM32F1xx_HAL_Driver/Src/stm32f1xx_hal.o
                0x20000020                uwTickFreq
 *fill*         0x20000021        0x3 
 .data.uxCriticalNesting
                0x20000024        0x4 ./Middlewares/Third_Party/FreeRTOS/Source/portable/GCC/ARM_CM3/port.o
 .data.__sglue  0x20000028        0xc D:/STM32CubeIDE/STM32CubeIDE_2.0.0/STM32CubeIDE/plugins/com.st.stm32cube.ide.mcu.externaltools.gnu-tools-for-stm32.13.3.rel1.win32_1.0.100.202509120712/tools/bin/../lib/gcc/arm-none-eabi/13.3.1/../../../../arm-none-eabi/lib/thumb/v7-m/nofp\libc_nano.a(libc_a-findfp.o)
                0x20000028                __sglue
 .data._impure_ptr
                0x20000034        0x4 D:/STM32CubeIDE/STM32CubeIDE_2.0.0/STM32CubeIDE/plugins/com.st.stm32cube.ide.mcu.externaltools.gnu-tools-for-stm32.13.3.rel1.win32_1.0.100.202509120712/tools/bin/../lib/gcc/arm-none-eabi/13.3.1/../../../../arm-none-eabi/lib/thumb/v7-m/nofp\libc_nano.a(libc_a-impure.o)
                0x20000034                _impure_ptr
 .data._impure_data
                0x20000038       0x4c D:/STM32CubeIDE/STM32CubeIDE_2.0.0/STM32CubeIDE/plugins/com.st.stm32cube.ide.mcu.externaltools.gnu-tools-for-stm32.13.3.rel1.win32_1.0.100.202509120712/tools/bin/../lib/gcc/arm-none-eabi/13.3.1/../../../../arm-none-eabi/lib/thumb/v7-m/nofp\libc_nano.a(libc_a-impure.o)
                0x20000038                _impure_data
 *(.RamFunc)
 *(.RamFunc*)
                0x20000084                        . = ALIGN (0x4)
                0x20000084                        _edata = .

.igot.plt       0x20000084        0x0 load address 0x0800b408
 .igot.plt      0x20000084        0x0 D:/STM32CubeIDE/STM32CubeIDE_2.0.0/STM32CubeIDE/plugins/com.st.stm32cube.ide.mcu.externaltools.gnu-tools-for-stm32.13.3.rel1.win32_1.0.100.202509120712/tools/bin/../lib/gcc/arm-none-eabi/13.3.1/thumb/v7-m/nofp/crtbegin.o
                0x20000084                        . = ALIGN (0x4)

.bss            0x20000084     0x3f88 load address 0x0800b408
                0x20000084                        _sbss = .
                0x20000084                        __bss_start__ = _sbss
 *(.bss)
 .bss           0x20000084       0x1c D:/STM32CubeIDE/STM32CubeIDE_2.0.0/STM32CubeIDE/plugins/com.st.stm32cube.ide.mcu.externaltools.gnu-tools-for-stm32.13.3.rel1.win32_1.0.100.202509120712/tools/bin/../lib/gcc/arm-none-eabi/13.3.1/thumb/v7-m/nofp/crtbegin.o
 *(.bss*)
 .bss.ledMode   0x200000a0        0x1 ./Core/Src/freertos.o
                0x200000a0                ledMode
 *fill*         0x200000a1        0x3 
 .bss.uartRxQueue
                0x200000a4        0x4 ./Core/Src/freertos.o
                0x200000a4                uartRxQueue
 .bss.gaitTaskHandle
                0x200000a8        0x4 ./Core/Src/freertos.o
                0x200000a8                gaitTaskHandle
 .bss.oledTimer
                0x200000ac        0x4 ./Core/Src/freertos.o
                0x200000ac                oledTimer
 .bss.ledBlinkTimer
                0x200000b0        0x4 ./Core/Src/freertos.o
                0x200000b0                ledBlinkTimer
 .bss.angleMutex
                0x200000b4        0x4 ./Core/Src/freertos.o
                0x200000b4                angleMutex
 .bss.defaultTaskHandle
                0x200000b8        0x4 ./Core/Src/freertos.o
                0x200000b8                defaultTaskHandle
 .bss.alt.0     0x200000bc        0x1 ./Core/Src/freertos.o
 *fill*         0x200000bd        0x3 
 .bss.Angle5    0x200000c0        0x4 ./Core/Src/main.o
                0x200000c0                Angle5
 .bss.Angle7    0x200000c4        0x4 ./Core/Src/main.o
                0x200000c4                Angle7
 .bss.gaitMode  0x200000c8        0x1 ./Core/Src/main.o
                0x200000c8                gaitMode
 .bss.gaitStep  0x200000c9        0x1 ./Core/Src/main.o
                0x200000c9                gaitStep
 .bss.gaitDelayCnt
                0x200000ca        0x2 ./Core/Src/main.o
                0x200000ca                gaitDelayCnt
 .bss.LED_State
                0x200000cc        0x1 ./Core/Src/main.o
                0x200000cc                LED_State
 *fill*         0x200000cd        0x1 
 .bss.LED_DelayCnt
                0x200000ce        0x2 ./Core/Src/main.o
                0x200000ce                LED_DelayCnt
 .bss.Huadong_State
                0x200000d0        0x1 ./Core/Src/main.o
                0x200000d0                Huadong_State
 .bss.Huadong_Step
                0x200000d1        0x1 ./Core/Src/main.o
                0x200000d1                Huadong_Step
 .bss.step_delay
                0x200000d2        0x1 ./Core/Src/main.o
                0x200000d2                step_delay
 .bss.huadong_release_flag
                0x200000d3        0x1 ./Core/Src/main.o
                0x200000d3                huadong_release_flag
 .bss.hspi2     0x200000d4       0x58 ./Core/Src/spi.o
                0x200000d4                hspi2
 .bss.__sbrk_heap_end
                0x2000012c        0x4 ./Core/Src/sysmem.o
 .bss.htim1     0x20000130       0x48 ./Core/Src/tim.o
                0x20000130                htim1
 .bss.htim2     0x20000178       0x48 ./Core/Src/tim.o
                0x20000178                htim2
 .bss.htim3     0x200001c0       0x48 ./Core/Src/tim.o
                0x200001c0                htim3
 .bss.htim4     0x20000208       0x48 ./Core/Src/tim.o
                0x20000208                htim4
 .bss.hdma_tim4_ch2
                0x20000250       0x44 ./Core/Src/tim.o
                0x20000250                hdma_tim4_ch2
 .bss.huart1    0x20000294       0x48 ./Core/Src/usart.o
                0x20000294                huart1
 .bss.huart3    0x200002dc       0x48 ./Core/Src/usart.o
                0x200002dc                huart3
 .bss.uwTick    0x20000324        0x4 ./Drivers/STM32F1xx_HAL_Driver/Src/stm32f1xx_hal.o
                0x20000324                uwTick
 .bss.OLED_DisplayBuf
                0x20000328      0x400 ./Hardware/OLED.o
                0x20000328                OLED_DisplayBuf
 .bss.Voice_RxData
                0x20000728        0x1 ./Hardware/Serial.o
                0x20000728                Voice_RxData
 .bss.Serial_RxData
                0x20000729        0x1 ./Hardware/Serial.o
                0x20000729                Serial_RxData
 *fill*         0x2000072a        0x2 
 .bss.dmaDoneSem
                0x2000072c        0x4 ./Hardware/WS2812B.o
 .bss.dma_buffer
                0x20000730      0x300 ./Hardware/WS2812B.o
 .bss.xQueueRegistry
                0x20000a30       0x40 ./Middlewares/Third_Party/FreeRTOS/Source/queue.o
                0x20000a30                xQueueRegistry
 .bss.pxCurrentTCB
                0x20000a70        0x4 ./Middlewares/Third_Party/FreeRTOS/Source/tasks.o
                0x20000a70                pxCurrentTCB
 .bss.pxReadyTasksLists
                0x20000a74       0x8c ./Middlewares/Third_Party/FreeRTOS/Source/tasks.o
 .bss.xDelayedTaskList1
                0x20000b00       0x14 ./Middlewares/Third_Party/FreeRTOS/Source/tasks.o
 .bss.xDelayedTaskList2
                0x20000b14       0x14 ./Middlewares/Third_Party/FreeRTOS/Source/tasks.o
 .bss.pxDelayedTaskList
                0x20000b28        0x4 ./Middlewares/Third_Party/FreeRTOS/Source/tasks.o
 .bss.pxOverflowDelayedTaskList
                0x20000b2c        0x4 ./Middlewares/Third_Party/FreeRTOS/Source/tasks.o
 .bss.xPendingReadyList
                0x20000b30       0x14 ./Middlewares/Third_Party/FreeRTOS/Source/tasks.o
 .bss.xTasksWaitingTermination
                0x20000b44       0x14 ./Middlewares/Third_Party/FreeRTOS/Source/tasks.o
 .bss.uxDeletedTasksWaitingCleanUp
                0x20000b58        0x4 ./Middlewares/Third_Party/FreeRTOS/Source/tasks.o
 .bss.xSuspendedTaskList
                0x20000b5c       0x14 ./Middlewares/Third_Party/FreeRTOS/Source/tasks.o
 .bss.uxCurrentNumberOfTasks
                0x20000b70        0x4 ./Middlewares/Third_Party/FreeRTOS/Source/tasks.o
 .bss.xTickCount
                0x20000b74        0x4 ./Middlewares/Third_Party/FreeRTOS/Source/tasks.o
 .bss.uxTopReadyPriority
                0x20000b78        0x4 ./Middlewares/Third_Party/FreeRTOS/Source/tasks.o
 .bss.xSchedulerRunning
                0x20000b7c        0x4 ./Middlewares/Third_Party/FreeRTOS/Source/tasks.o
 .bss.xPendedTicks
                0x20000b80        0x4 ./Middlewares/Third_Party/FreeRTOS/Source/tasks.o
 .bss.xYieldPending
                0x20000b84        0x4 ./Middlewares/Third_Party/FreeRTOS/Source/tasks.o
 .bss.xNumOfOverflows
                0x20000b88        0x4 ./Middlewares/Third_Party/FreeRTOS/Source/tasks.o
 .bss.uxTaskNumber
                0x20000b8c        0x4 ./Middlewares/Third_Party/FreeRTOS/Source/tasks.o
 .bss.xNextTaskUnblockTime
                0x20000b90        0x4 ./Middlewares/Third_Party/FreeRTOS/Source/tasks.o
 .bss.xIdleTaskHandle
                0x20000b94        0x4 ./Middlewares/Third_Party/FreeRTOS/Source/tasks.o
 .bss.uxSchedulerSuspended
                0x20000b98        0x4 ./Middlewares/Third_Party/FreeRTOS/Source/tasks.o
 .bss.xActiveTimerList1
                0x20000b9c       0x14 ./Middlewares/Third_Party/FreeRTOS/Source/timers.o
 .bss.xActiveTimerList2
                0x20000bb0       0x14 ./Middlewares/Third_Party/FreeRTOS/Source/timers.o
 .bss.pxCurrentTimerList
                0x20000bc4        0x4 ./Middlewares/Third_Party/FreeRTOS/Source/timers.o
 .bss.pxOverflowTimerList
                0x20000bc8        0x4 ./Middlewares/Third_Party/FreeRTOS/Source/timers.o
 .bss.xTimerQueue
                0x20000bcc        0x4 ./Middlewares/Third_Party/FreeRTOS/Source/timers.o
 .bss.xTimerTaskHandle
                0x20000bd0        0x4 ./Middlewares/Third_Party/FreeRTOS/Source/timers.o
 .bss.xLastTime.0
                0x20000bd4        0x4 ./Middlewares/Third_Party/FreeRTOS/Source/timers.o
 .bss.ucHeap    0x20000bd8     0x32c8 ./Middlewares/Third_Party/FreeRTOS/Source/portable/MemMang/heap_4.o
 .bss.xStart    0x20003ea0        0x8 ./Middlewares/Third_Party/FreeRTOS/Source/portable/MemMang/heap_4.o
 .bss.pxEnd     0x20003ea8        0x4 ./Middlewares/Third_Party/FreeRTOS/Source/portable/MemMang/heap_4.o
 .bss.xFreeBytesRemaining
                0x20003eac        0x4 ./Middlewares/Third_Party/FreeRTOS/Source/portable/MemMang/heap_4.o
 .bss.xMinimumEverFreeBytesRemaining
                0x20003eb0        0x4 ./Middlewares/Third_Party/FreeRTOS/Source/portable/MemMang/heap_4.o
 .bss.xNumberOfSuccessfulAllocations
                0x20003eb4        0x4 ./Middlewares/Third_Party/FreeRTOS/Source/portable/MemMang/heap_4.o
 .bss.xNumberOfSuccessfulFrees
                0x20003eb8        0x4 ./Middlewares/Third_Party/FreeRTOS/Source/portable/MemMang/heap_4.o
 .bss.xBlockAllocatedBit
                0x20003ebc        0x4 ./Middlewares/Third_Party/FreeRTOS/Source/portable/MemMang/heap_4.o
 .bss.__sf      0x20003ec0      0x138 D:/STM32CubeIDE/STM32CubeIDE_2.0.0/STM32CubeIDE/plugins/com.st.stm32cube.ide.mcu.externaltools.gnu-tools-for-stm32.13.3.rel1.win32_1.0.100.202509120712/tools/bin/../lib/gcc/arm-none-eabi/13.3.1/../../../../arm-none-eabi/lib/thumb/v7-m/nofp\libc_nano.a(libc_a-findfp.o)
                0x20003ec0                __sf
 .bss.__stdio_exit_handler
                0x20003ff8        0x4 D:/STM32CubeIDE/STM32CubeIDE_2.0.0/STM32CubeIDE/plugins/com.st.stm32cube.ide.mcu.externaltools.gnu-tools-for-stm32.13.3.rel1.win32_1.0.100.202509120712/tools/bin/../lib/gcc/arm-none-eabi/13.3.1/../../../../arm-none-eabi/lib/thumb/v7-m/nofp\libc_nano.a(libc_a-findfp.o)
                0x20003ff8                __stdio_exit_handler
 .bss.errno     0x20003ffc        0x4 D:/STM32CubeIDE/STM32CubeIDE_2.0.0/STM32CubeIDE/plugins/com.st.stm32cube.ide.mcu.externaltools.gnu-tools-for-stm32.13.3.rel1.win32_1.0.100.202509120712/tools/bin/../lib/gcc/arm-none-eabi/13.3.1/../../../../arm-none-eabi/lib/thumb/v7-m/nofp\libc_nano.a(libc_a-reent.o)
                0x20003ffc                errno
 .bss.__lock___malloc_recursive_mutex
                0x20004000        0x1 D:/STM32CubeIDE/STM32CubeIDE_2.0.0/STM32CubeIDE/plugins/com.st.stm32cube.ide.mcu.externaltools.gnu-tools-for-stm32.13.3.rel1.win32_1.0.100.202509120712/tools/bin/../lib/gcc/arm-none-eabi/13.3.1/../../../../arm-none-eabi/lib/thumb/v7-m/nofp\libc_nano.a(libc_a-lock.o)
                0x20004000                __lock___malloc_recursive_mutex
 .bss.__lock___sfp_recursive_mutex
                0x20004001        0x1 D:/STM32CubeIDE/STM32CubeIDE_2.0.0/STM32CubeIDE/plugins/com.st.stm32cube.ide.mcu.externaltools.gnu-tools-for-stm32.13.3.rel1.win32_1.0.100.202509120712/tools/bin/../lib/gcc/arm-none-eabi/13.3.1/../../../../arm-none-eabi/lib/thumb/v7-m/nofp\libc_nano.a(libc_a-lock.o)
                0x20004001                __lock___sfp_recursive_mutex
 *fill*         0x20004002        0x2 
 .bss.__malloc_sbrk_start
                0x20004004        0x4 D:/STM32CubeIDE/STM32CubeIDE_2.0.0/STM32CubeIDE/plugins/com.st.stm32cube.ide.mcu.externaltools.gnu-tools-for-stm32.13.3.rel1.win32_1.0.100.202509120712/tools/bin/../lib/gcc/arm-none-eabi/13.3.1/../../../../arm-none-eabi/lib/thumb/v7-m/nofp\libc_nano.a(libc_a-mallocr.o)
                0x20004004                __malloc_sbrk_start
 .bss.__malloc_free_list
                0x20004008        0x4 D:/STM32CubeIDE/STM32CubeIDE_2.0.0/STM32CubeIDE/plugins/com.st.stm32cube.ide.mcu.externaltools.gnu-tools-for-stm32.13.3.rel1.win32_1.0.100.202509120712/tools/bin/../lib/gcc/arm-none-eabi/13.3.1/../../../../arm-none-eabi/lib/thumb/v7-m/nofp\libc_nano.a(libc_a-mallocr.o)
                0x20004008                __malloc_free_list
 *(COMMON)
                0x2000400c                        . = ALIGN (0x4)
                0x2000400c                        _ebss = .
                0x2000400c                        __bss_end__ = _ebss

._user_heap_stack
                0x2000400c      0x604 load address 0x0800b408
                0x20004010                        . = ALIGN (0x8)
 *fill*         0x2000400c        0x4 
                [!provide]                        PROVIDE (end = .)
                0x20004010                        PROVIDE (_end = .)
                0x20004210                        . = (. + _Min_Heap_Size)
 *fill*         0x20004010      0x200 
                0x20004610                        . = (. + _Min_Stack_Size)
 *fill*         0x20004210      0x400 
                0x20004610                        . = ALIGN (0x8)

/DISCARD/
 libc.a(*)
 libm.a(*)
 libgcc.a(*)

.ARM.attributes
                0x00000000       0x29
 *(.ARM.attributes)
 .ARM.attributes
                0x00000000       0x1d D:/STM32CubeIDE/STM32CubeIDE_2.0.0/STM32CubeIDE/plugins/com.st.stm32cube.ide.mcu.externaltools.gnu-tools-for-stm32.13.3.rel1.win32_1.0.100.202509120712/tools/bin/../lib/gcc/arm-none-eabi/13.3.1/thumb/v7-m/nofp/crti.o
 .ARM.attributes
                0x0000001d       0x2d D:/STM32CubeIDE/STM32CubeIDE_2.0.0/STM32CubeIDE/plugins/com.st.stm32cube.ide.mcu.externaltools.gnu-tools-for-stm32.13.3.rel1.win32_1.0.100.202509120712/tools/bin/../lib/gcc/arm-none-eabi/13.3.1/thumb/v7-m/nofp/crtbegin.o
 .ARM.attributes
                0x0000004a       0x2d ./Core/Src/dma.o
 .ARM.attributes
                0x00000077       0x2d ./Core/Src/freertos.o
 .ARM.attributes
                0x000000a4       0x2d ./Core/Src/gpio.o
 .ARM.attributes
                0x000000d1       0x2d ./Core/Src/main.o
 .ARM.attributes
                0x000000fe       0x2d ./Core/Src/spi.o
 .ARM.attributes
                0x0000012b       0x2d ./Core/Src/stm32f1xx_hal_msp.o
 .ARM.attributes
                0x00000158       0x2d ./Core/Src/stm32f1xx_it.o
 .ARM.attributes
                0x00000185       0x2d ./Core/Src/syscalls.o
 .ARM.attributes
                0x000001b2       0x2d ./Core/Src/sysmem.o
 .ARM.attributes
                0x000001df       0x2d ./Core/Src/system_stm32f1xx.o
 .ARM.attributes
                0x0000020c       0x2d ./Core/Src/tim.o
 .ARM.attributes
                0x00000239       0x2d ./Core/Src/usart.o
 .ARM.attributes
                0x00000266       0x21 ./Core/Startup/startup_stm32f103c8tx.o
 .ARM.attributes
                0x00000287       0x2d ./Drivers/STM32F1xx_HAL_Driver/Src/stm32f1xx_hal.o