../Hardware/OLED.c:12:6:OLED_W_SCL	16	static
../Hardware/OLED.c:28:6:OLED_W_SDA	16	static
../Hardware/OLED.c:43:6:OLED_GPIO_Init	16	static
../Hardware/OLED.c:69:6:OLED_I2C_Start	8	static
../Hardware/OLED.c:82:6:OLED_I2C_Stop	8	static
../Hardware/OLED.c:94:6:OLED_I2C_SendByte	24	static
../Hardware/OLED.c:117:6:OLED_WriteCommand	16	static
../Hardware/OLED.c:132:6:OLED_WriteData	24	static
../Hardware/OLED.c:158:6:OLED_Init	8	static
../Hardware/OLED.c:209:6:OLED_SetCursor	16	static
../Hardware/OLED.c:236:10:OLED_Pow	24	static
../Hardware/OLED.c:253:9:OLED_pnpoly	32	static
../Hardware/OLED.c:277:9:OLED_IsInAngle	32	static
../Hardware/OLED.c:314:6:OLED_Update	16	static
../Hardware/OLED.c:341:6:OLED_UpdateArea	32	static
../Hardware/OLED.c:368:6:OLED_Clear	16	static
../Hardware/OLED.c:389:6:OLED_ClearArea	24	static
../Hardware/OLED.c:414:6:OLED_Reverse	16	static
../Hardware/OLED.c:435:6:OLED_ReverseArea	24	static
../Hardware/OLED.c:465:6:OLED_ShowChar	32	static
../Hardware/OLED.c:490:6:OLED_ShowString	24	static
../Hardware/OLED.c:512:6:OLED_ShowNum	32	static
../Hardware/OLED.c:536:6:OLED_ShowSignedNum	32	static
../Hardware/OLED.c:573:6:OLED_ShowHexNum	24	static
../Hardware/OLED.c:608:6:OLED_ShowBinNum	32	static
../Hardware/OLED.c:633:6:OLED_ShowFloatNum	48	static
../Hardware/OLED.c:671:6:OLED_ShowChinese	32	static
../Hardware/OLED.c:715:6:OLED_ShowImage	32	static
../Hardware/OLED.c:762:6:OLED_Printf	60	static
../Hardware/OLED.c:779:6:OLED_DrawPoint	16	static
../Hardware/OLED.c:795:9:OLED_GetPoint	16	static
../Hardware/OLED.c:819:6:OLED_DrawLine	56	static
../Hardware/OLED.c:933:6:OLED_DrawRectangle	32	static
../Hardware/OLED.c:980:6:OLED_DrawTriangle	56	static
../Hardware/OLED.c:1035:6:OLED_DrawCircle	32	static
../Hardware/OLED.c:1119:6:OLED_DrawEllipse	56	static
../Hardware/OLED.c:1232:6:OLED_DrawArc	32	static
