../Hardware/PWM.c:3:8:PWM_Init_TIM2	8	static
../Hardware/PWM.c:11:8:PWM_SetCompare1	16	static
../Hardware/PWM.c:15:8:PWM_SetCompare2	16	static
../Hardware/PWM.c:19:8:PWM_SetCompare3	16	static
../Hardware/PWM.c:23:8:PWM_SetCompare4	16	static
../Hardware/PWM.c:30:8:PWM_Init_TIM3	8	static
../Hardware/PWM.c:38:8:PWM_SetCompare1_TIM3	16	static
../Hardware/PWM.c:42:8:PWM_SetCompare2_TIM3	16	static
../Hardware/PWM.c:46:8:PWM_SetCompare3_TIM3	16	static
../Hardware/PWM.c:50:8:PWM_SetCompare4_TIM3	16	static
../Hardware/PWM.c:57:8:PWM_Init_TIM4	4	static
