../Drivers/CMSIS/Include/core_cm3.h:1511:22:__NVIC_EnableIRQ	16	static
../Drivers/CMSIS/Include/core_cm3.h:1639:22:__NVIC_SetPriority	16	static
../Hardware/WS2812B.c:23:6:WS2812B_Init	16	static
../Hardware/WS2812B.c:69:6:WS2812B_SetPixel	24	static
../Hardware/WS2812B.c:83:6:WS2812B_Update	8	static
../Hardware/WS2812B.c:101:6:WS2812B_IRQHandler	16	static,ignoring_inline_asm
../Hardware/WS2812B.c:115:17:GrayToGRB	16	static
../Hardware/WS2812B.c:128:10:WS2812B_GrayToGRB	16	static
../Hardware/WS2812B.c:130:6:WS2812B_Rainbow	32	static
../Hardware/WS2812B.c:142:6:WS2812B_FlashRed	24	static
