../Drivers/CMSIS/Include/core_cm3.h:1511:22:__NVIC_EnableIRQ	16	static
../Drivers/CMSIS/Include/core_cm3.h:1639:22:__NVIC_SetPriority	16	static
../Hardware/WS2812B.c:47:6:WS2812B_Init	16	static
../Hardware/WS2812B.c:93:6:WS2812B_SetPixel	24	static
../Hardware/WS2812B.c:107:6:WS2812B_Update	8	static
../Hardware/WS2812B.c:125:6:WS2812B_IRQHandler	16	static,ignoring_inline_asm
../Hardware/WS2812B.c:139:17:GrayToGRB	16	static
../Hardware/WS2812B.c:152:10:WS2812B_GrayToGRB	16	static
../Hardware/WS2812B.c:154:6:WS2812B_Rainbow	32	static
../Hardware/WS2812B.c:166:6:WS2812B_FlashRed	24	static
